Component: ARM Compiler 5.05 update 1 (build 106) Tool: armlink [4d0efa]

==============================================================================

Section Cross References

    main.o(.text) refers to _printf_percent.o(.ARM.Collect$$_printf_percent$$00000000) for _printf_percent
    main.o(.text) refers to _printf_d.o(.ARM.Collect$$_printf_percent$$00000009) for _printf_d
    main.o(.text) refers to _printf_dec.o(.text) for _printf_int_dec
    main.o(.text) refers to _printf_pad.o(.text) for _printf_pre_padding
    main.o(.text) refers to _printf_f.o(.ARM.Collect$$_printf_percent$$00000003) for _printf_f
    main.o(.text) refers to printf1.o(x$fpl$printf1) for _printf_fp_dec
    main.o(.text) refers to strcpy.o(.text) for strcpy
    main.o(.text) refers to os_mutex.o(.text) for OSMutexPend
    main.o(.text) refers to vprintf.o(.text) for vprintf
    main.o(.text) refers to __2sprintf.o(.text) for __2sprintf
    main.o(.text) refers to oled.o(.text) for OLED_ShowString
    main.o(.text) refers to faddsub_clz.o(x$fpl$fadd) for __aeabi_fadd
    main.o(.text) refers to cpu_a.o(.text) for CPU_SR_Save
    main.o(.text) refers to f2d.o(x$fpl$f2d) for __aeabi_f2d
    main.o(.text) refers to os_core.o(.text) for OS_Sched0
    main.o(.text) refers to delay.o(.text) for delay_ms
    main.o(.text) refers to os_flag.o(.text) for OSFlagPend
    main.o(.text) refers to stm32f10x_gpio.o(.text) for GPIO_ReadInputDataBit
    main.o(.text) refers to stm32f10x_exti.o(.text) for EXTI_ClearITPendingBit
    main.o(.text) refers to atoi.o(.text) for atoi
    main.o(.text) refers to os_time.o(.text) for OSTimeDlyHMSM
    main.o(.text) refers to rt_memclr_w.o(.text) for __aeabi_memclr4
    main.o(.text) refers to main.o(.bss) for node_1
    main.o(.text) refers to lora_app.o(.bss) for My_LoRa_CFG
    main.o(.text) refers to main.o(.data) for float_num
    main.o(.text) refers to os_var.o(.data) for OSSchedLockNestingCtr
    main.o(.text) refers to rtc.o(.bss) for calendar
    main.o(.text) refers to dflt_clz.o(x$fpl$dflt) for __aeabi_i2d
    main.o(.text) refers to dmul.o(x$fpl$dmul) for __aeabi_dmul
    main.o(.text) refers to dfix.o(x$fpl$dfix) for __aeabi_d2iz
    main.o(.text) refers to daddsub_clz.o(x$fpl$dsub) for __aeabi_dsub
    main.o(.text) refers to ddiv.o(x$fpl$ddiv) for __aeabi_ddiv
    main.o(.text) refers to os_q.o(.text) for OSQPend
    main.o(.text) refers to strncpy.o(.text) for strncpy
    main.o(.text) refers to dht11.o(.text) for DHT11_Read_Data
    main.o(.text) refers to cpu_core.o(.text) for CPU_Init
    main.o(.text) refers to os_stat.o(.text) for OSStatTaskCPUUsageInit
    main.o(.text) refers to os_sem.o(.text) for OSSemCreate
    main.o(.text) refers to mq135.o(.data) for MQ135_ADC_ConvertedValue
    main.o(.text) refers to usart2.o(.data) for USART2_RX_STA
    main.o(.text) refers to usart2.o(.bss) for USART2_RX_BUF
    main.o(.text) refers to os_task.o(.text) for OSTaskCreate
    main.o(.text) refers to misc.o(.text) for NVIC_PriorityGroupConfig
    main.o(.text) refers to usart.o(.text) for uart_init
    main.o(.text) refers to usart2.o(.text) for usart2_init
    main.o(.text) refers to uart4.o(.text) for uart4_init
    main.o(.text) refers to __2printf.o(.text) for __2printf
    main.o(.text) refers to lora_app.o(.text) for LoRa_Init
    main.o(.text) refers to led.o(.text) for LED_Init
    main.o(.text) refers to key.o(.text) for KEY_Init
    main.o(.text) refers to beep.o(.text) for BEEP_Init
    main.o(.text) refers to mq135.o(.text) for mq135_init
    main.o(.text) refers to rtc.o(.text) for RTC_Init
    system_stm32f10x.o(.text) refers to system_stm32f10x.o(.data) for SystemCoreClock
    led.o(.text) refers to stm32f10x_rcc.o(.text) for RCC_APB2PeriphClockCmd
    led.o(.text) refers to stm32f10x_gpio.o(.text) for GPIO_Init
    usart2.o(.text) refers to stm32f10x_rcc.o(.text) for RCC_APB2PeriphClockCmd
    usart2.o(.text) refers to stm32f10x_gpio.o(.text) for GPIO_Init
    usart2.o(.text) refers to misc.o(.text) for NVIC_Init
    usart2.o(.text) refers to stm32f10x_usart.o(.text) for USART_Init
    usart2.o(.text) refers to os_core.o(.text) for OSIntEnter
    usart2.o(.text) refers to os_q.o(.text) for OSQPost
    usart2.o(.text) refers to main.o(.text) for dgb_printf_safe
    usart2.o(.text) refers to vsprintf.o(.text) for vsprintf
    usart2.o(.text) refers to strlen.o(.text) for strlen
    usart2.o(.text) refers to usart2.o(.data) for USART2_RX_STA
    usart2.o(.text) refers to usart2.o(.bss) for USART2_RX_BUF
    usart2.o(.text) refers to main.o(.bss) for g_queue_usart2
    usart3.o(.text) refers to stm32f10x_usart.o(.text) for USART_GetITStatus
    usart3.o(.text) refers to stm32f10x_tim.o(.text) for TIM_SetCounter
    usart3.o(.text) refers to stm32f10x_rcc.o(.text) for RCC_APB2PeriphClockCmd
    usart3.o(.text) refers to stm32f10x_gpio.o(.text) for GPIO_Init
    usart3.o(.text) refers to misc.o(.text) for NVIC_Init
    usart3.o(.text) refers to timer.o(.text) for TIM7_Int_Init
[...]
    OS_RdyListInsertHead                     0x08007c4d   Thumb Code    58  os_core.o(.text)
    OS_RdyListInsertTail                     0x08007c87   Thumb Code    56  os_core.o(.text)
    OS_RdyListInsert                         0x08007cbf   Thumb Code    40  os_core.o(.text)
    OS_TaskRdy                               0x08007ce7   Thumb Code    28  os_core.o(.text)
    OS_PendAbort                             0x08007d03   Thumb Code   166  os_core.o(.text)
    OS_PendDbgNameRemove                     0x08007da9   Thumb Code    34  os_core.o(.text)
    OS_PendListChangePrio                    0x08007dcb   Thumb Code    70  os_core.o(.text)
    OS_PendListInit                          0x08007e11   Thumb Code    10  os_core.o(.text)
    OS_PendListInsertHead                    0x08007e1b   Thumb Code    32  os_core.o(.text)
    OS_PendObjDel1                           0x08007e3b   Thumb Code    36  os_core.o(.text)
    OS_PendObjDel                            0x08007e5f   Thumb Code   162  os_core.o(.text)
    OS_Post1                                 0x08007f01   Thumb Code    42  os_core.o(.text)
    OS_Post                                  0x08007f2b   Thumb Code   192  os_core.o(.text)
    OS_Sched0                                0x08007feb   Thumb Code   102  os_core.o(.text)
    OS_SchedRoundRobin                       0x08008051   Thumb Code   190  os_core.o(.text)
    OS_Dbg_Init                              0x08008121   Thumb Code   146  os_dbg.o(.text)
    OS_FlagDbgListAdd                        0x080082d1   Thumb Code    38  os_flag.o(.text)
    OSFlagCreate                             0x080082f7   Thumb Code   172  os_flag.o(.text)
    OS_FlagClr                               0x080083a3   Thumb Code    28  os_flag.o(.text)
    OS_FlagDbgListRemove                     0x080083bf   Thumb Code    44  os_flag.o(.text)
    OSFlagDel                                0x080083eb   Thumb Code   594  os_flag.o(.text)
    OS_FlagBlock                             0x0800863d   Thumb Code    58  os_flag.o(.text)
    OSFlagPend                               0x08008677   Thumb Code  1488  os_flag.o(.text)
    OSFlagPendAbort                          0x08008c47   Thumb Code   292  os_flag.o(.text)
    OSFlagPendGetFlagsRdy                    0x08008d6b   Thumb Code    68  os_flag.o(.text)
    OS_FlagTaskRdy                           0x08008daf   Thumb Code    86  os_flag.o(.text)
    OS_FlagPost                              0x08008e05   Thumb Code   570  os_flag.o(.text)
    OSFlagPost                               0x0800903f   Thumb Code   146  os_flag.o(.text)
    OS_FlagInit                              0x080090d1   Thumb Code    14  os_flag.o(.text)
    OS_IntQPost                              0x080090f9   Thumb Code   216  os_int.o(.text)
    OS_IntQRePost                            0x080091d1   Thumb Code   360  os_int.o(.text)
    OS_IntQTask                              0x08009339   Thumb Code   162  os_int.o(.text)
    OS_IntQTaskInit                          0x080093db   Thumb Code   208  os_int.o(.text)
    OS_MemDbgListAdd                         0x0800953d   Thumb Code    34  os_mem.o(.text)
    OSMemCreate                              0x0800955f   Thumb Code   288  os_mem.o(.text)
    OSMemGet                                 0x0800967f   Thumb Code   100  os_mem.o(.text)
    OSMemPut                                 0x080096e3   Thumb Code   112  os_mem.o(.text)
    OS_MemInit                               0x08009753   Thumb Code    14  os_mem.o(.text)
    OS_MsgPoolCreate                         0x08009775   Thumb Code    54  os_msg.o(.text)
    OS_MsgPoolInit                           0x080097ab   Thumb Code    70  os_msg.o(.text)
    OS_MsgQFreeAll                           0x080097f1   Thumb Code    62  os_msg.o(.text)
    OS_MsgQInit                              0x0800982f   Thumb Code    14  os_msg.o(.text)
    OS_MsgQGet                               0x0800983d   Thumb Code    98  os_msg.o(.text)
    OS_MsgQPut                               0x0800989f   Thumb Code   246  os_msg.o(.text)
    OS_MutexDbgListAdd                       0x080099a1   Thumb Code    38  os_mutex.o(.text)
    OSMutexCreate                            0x080099c7   Thumb Code   178  os_mutex.o(.text)
    OS_MutexClr                              0x08009a79   Thumb Code    38  os_mutex.o(.text)
    OS_MutexDbgListRemove                    0x08009a9f   Thumb Code    44  os_mutex.o(.text)
    OSMutexDel                               0x08009acb   Thumb Code   842  os_mutex.o(.text)
    OSMutexPend                              0x08009e15   Thumb Code   706  os_mutex.o(.text)
    OSMutexPendAbort                         0x0800a0d7   Thumb Code   314  os_mutex.o(.text)
    OSMutexPost                              0x0800a211   Thumb Code   564  os_mutex.o(.text)
    OS_MutexInit                             0x0800a445   Thumb Code    14  os_mutex.o(.text)
    OS_PrioInit                              0x0800a475   Thumb Code    20  os_prio.o(.text)
    OS_PrioGetHighest                        0x0800a489   Thumb Code    36  os_prio.o(.text)
    OS_PrioInsert                            0x0800a4ad   Thumb Code    32  os_prio.o(.text)
    OS_PrioRemove                            0x0800a4cd   Thumb Code    32  os_prio.o(.text)
    OS_QDbgListAdd                           0x0800a4f1   Thumb Code    38  os_q.o(.text)
    OSQCreate                                0x0800a517   Thumb Code   186  os_q.o(.text)
    OS_QClr                                  0x0800a5d1   Thumb Code    40  os_q.o(.text)
    OS_QDbgListRemove                        0x0800a5f9   Thumb Code    44  os_q.o(.text)
    OSQDel                                   0x0800a625   Thumb Code   362  os_q.o(.text)
    OSQFlush                                 0x0800a78f   Thumb Code   210  os_q.o(.text)
    OSQPend                                  0x0800a861   Thumb Code   538  os_q.o(.text)
    OSQPendAbort                             0x0800aa7b   Thumb Code   292  os_q.o(.text)
    OS_QPost                                 0x0800ab9f   Thumb Code   324  os_q.o(.text)
    OSQPost                                  0x0800ace3   Thumb Code   198  os_q.o(.text)
    OS_QInit                                 0x0800ada9   Thumb Code    14  os_q.o(.text)
    OS_SemDbgListAdd                         0x0800adc9   Thumb Code    38  os_sem.o(.text)
    OSSemCreate                              0x0800adef   Thumb Code   172  os_sem.o(.text)
    OS_SemClr                                0x0800ae9b   Thumb Code    28  os_sem.o(.text)
    OS_SemDbgListRemove                      0x0800aeb7   Thumb Code    44  os_sem.o(.text)
    OSSemDel                                 0x0800aee3   Thumb Code   362  os_sem.o(.text)
    OSSemPend                                0x0800b04d   Thumb Code   504  os_sem.o(.text)
    OSSemPendAbort                           0x0800b245   Thumb Code   292  os_sem.o(.text)
    OS_SemPost                               0x0800b369   Thumb Code   350  os_sem.o(.text)
    OSSemPost                                0x0800b4c7   Thumb Code   144  os_sem.o(.text)
    OSSemSet                                 0x0800b557   Thumb Code   138  os_sem.o(.text)
    OS_SemInit                               0x0800b5e1   Thumb Code    14  os_sem.o(.text)
    OSStatReset                              0x0800b5f9   Thumb Code   270  os_stat.o(.text)
    OSStatTaskCPUUsageInit                   0x0800b707   Thumb Code   212  os_stat.o(.text)
    OS_StatTask                              0x0800b7db   Thumb Code   888  os_stat.o(.text)
    OS_StatTaskInit                          0x0800bb53   Thumb Code   138  os_stat.o(.text)
    OSTaskChangePrio                         0x0800bc31   Thumb Code   416  os_task.o(.text)
    OS_TaskDbgListAdd                        0x0800bdd1   Thumb Code    42  os_task.o(.text)
    OS_TaskInitTCB                           0x0800bdfb   Thumb Code   186  os_task.o(.text)
    OSTaskCreate                             0x0800beb5   Thumb Code   616  os_task.o(.text)
    OS_TaskDbgListRemove                     0x0800c11d   Thumb Code    64  os_task.o(.text)
    OSTaskDel                                0x0800c15d   Thumb Code   424  os_task.o(.text)
    OSTaskQFlush                             0x0800c305   Thumb Code   214  os_task.o(.text)
    OSTaskQPend                              0x0800c3db   Thumb Code   554  os_task.o(.text)
    OSTaskQPendAbort                         0x0800c605   Thumb Code   242  os_task.o(.text)
    OS_TaskQPost                             0x0800c6f7   Thumb Code   526  os_task.o(.text)
    OSTaskQPost                              0x0800c905   Thumb Code   114  os_task.o(.text)
    OSTaskRegGet                             0x0800c977   Thumb Code    78  os_task.o(.text)
    OSTaskRegGetID                           0x0800c9c5   Thumb Code    84  os_task.o(.text)
    OSTaskRegSet                             0x0800ca19   Thumb Code    78  os_task.o(.text)
    OS_TaskResume                            0x0800ca67   Thumb Code   314  os_task.o(.text)
    OSTaskResume                             0x0800cba1   Thumb Code   112  os_task.o(.text)
    OSTaskSemPend                            0x0800cc11   Thumb Code   550  os_task.o(.text)
    OSTaskSemPendAbort                       0x0800ce37   Thumb Code   270  os_task.o(.text)
    OS_TaskSemPost                           0x0800cf45   Thumb Code  1224  os_task.o(.text)
    OSTaskSemPost                            0x0800d40d   Thumb Code    98  os_task.o(.text)
    OSTaskSemSet                             0x0800d46f   Thumb Code    80  os_task.o(.text)
    OSTaskStkChk                             0x0800d4bf   Thumb Code   224  os_task.o(.text)
    OS_TaskSuspend                           0x0800d59f   Thumb Code   328  os_task.o(.text)
    OSTaskSuspend                            0x0800d6e7   Thumb Code    78  os_task.o(.text)
    OSTaskTimeQuantaSet                      0x0800d735   Thumb Code    96  os_task.o(.text)
    OS_TaskInit                              0x0800d795   Thumb Code    18  os_task.o(.text)
    OS_TaskReturn                            0x0800d7a7   Thumb Code    20  os_task.o(.text)
    OS_TickListRemove                        0x0800d7e5   Thumb Code    56  os_tick.o(.text)
    OS_TickListUpdate                        0x0800d81d   Thumb Code   480  os_tick.o(.text)
    OS_TickTask                              0x0800d9fd   Thumb Code    38  os_tick.o(.text)
    OS_TickListInit                          0x0800da23   Thumb Code    32  os_tick.o(.text)
    OS_TickTaskInit                          0x0800da43   Thumb Code   130  os_tick.o(.text)
    OS_TickListInsert                        0x0800dac5   Thumb Code   502  os_tick.o(.text)
    OS_TickListResetPeak                     0x0800dcbb   Thumb Code    28  os_tick.o(.text)
    OSTimeDly                                0x0800dce1   Thumb Code   266  os_time.o(.text)
    OSTimeDlyHMSM                            0x0800ddeb   Thumb Code   480  os_time.o(.text)
    OSTimeDlyResume                          0x0800dfcb   Thumb Code   466  os_time.o(.text)
    OSTimeGet                                0x0800e19d   Thumb Code    46  os_time.o(.text)
    OSTimeSet                                0x0800e1cb   Thumb Code    46  os_time.o(.text)
    OSTimeTick                               0x0800e1f9   Thumb Code    54  os_time.o(.text)
    OS_TmrDbgListAdd                         0x0800e245   Thumb Code    34  os_tmr.o(.text)
    OSTmrCreate                              0x0800e267   Thumb Code   248  os_tmr.o(.text)
    OS_TmrClr                                0x0800e35f   Thumb Code    36  os_tmr.o(.text)
    OS_TmrUnlink                             0x0800e383   Thumb Code    72  os_tmr.o(.text)
    OS_TmrDbgListRemove                      0x0800e3cb   Thumb Code    44  os_tmr.o(.text)
    OSTmrDel                                 0x0800e3f7   Thumb Code   176  os_tmr.o(.text)
    OSTmrRemainGet                           0x0800e4a7   Thumb Code   184  os_tmr.o(.text)
    OS_TmrLink                               0x0800e55f   Thumb Code   196  os_tmr.o(.text)
    OSTmrStart                               0x0800e623   Thumb Code   210  os_tmr.o(.text)
    OSTmrStateGet                            0x0800e6f5   Thumb Code   134  os_tmr.o(.text)
    OSTmrStop                                0x0800e77b   Thumb Code   232  os_tmr.o(.text)
    OS_TmrTask                               0x0800e863   Thumb Code   176  os_tmr.o(.text)
    OS_TmrInit                               0x0800e913   Thumb Code   208  os_tmr.o(.text)
    OS_TmrResetPeak                          0x0800e9e3   Thumb Code    28  os_tmr.o(.text)
    OSIdleTaskHook                           0x0800ea5d   Thumb Code    16  os_cpu_c.o(.text)
    OSInitHook                               0x0800ea6d   Thumb Code    42  os_cpu_c.o(.text)
    OSStatTaskHook                           0x0800ea97   Thumb Code    16  os_cpu_c.o(.text)
    OSTaskCreateHook                         0x0800eaa7   Thumb Code    20  os_cpu_c.o(.text)
    OSTaskDelHook                            0x0800eabb   Thumb Code    20  os_cpu_c.o(.text)
    OSTaskReturnHook                         0x0800eacf   Thumb Code    20  os_cpu_c.o(.text)
    OSTaskStkInit                            0x0800eae3   Thumb Code   188  os_cpu_c.o(.text)
    OSTaskSwHook                             0x0800eb9f   Thumb Code   120  os_cpu_c.o(.text)
    OSTimeTickHook                           0x0800ec17   Thumb Code    16  os_cpu_c.o(.text)
    OS_CPU_SysTickHandler                    0x0800ec27   Thumb Code    52  os_cpu_c.o(.text)
    OS_CPU_SysTickInit                       0x0800ec5b   Thumb Code    44  os_cpu_c.o(.text)
    Aux_Int                                  0x0800ecc9   Thumb Code    68  lora_app.o(.text)
    EXTI4_IRQHandler                         0x0800ed0d   Thumb Code   118  lora_app.o(.text)
    lora_check_cmd                           0x0800ed83   Thumb Code    44  lora_app.o(.text)
    lora_send_cmd                            0x0800edaf   Thumb Code   110  lora_app.o(.text)
    LoRa_Init                                0x0800ee1d   Thumb Code   236  lora_app.o(.text)
    LoRa_Set                                 0x0800ef09   Thumb Code   362  lora_app.o(.text)
    LoRa_SendData                            0x0800f073   Thumb Code   644  lora_app.o(.text)
    LoRa_ReceData                            0x0800f2f7   Thumb Code   138  lora_app.o(.text)
    lora_at_response                         0x0800f381   Thumb Code    46  lora_app.o(.text)
    __use_no_semihosting                     0x0800f419   Thumb Code     2  use_no_semi_2.o(.text)
    __aeabi_uldivmod                         0x0800f41b   Thumb Code     0  lludivv7m.o(.text)
    _ll_udiv                                 0x0800f41b   Thumb Code   238  lludivv7m.o(.text)
    vprintf                                  0x0800f509   Thumb Code     8  vprintf.o(.text)
    vsprintf                                 0x0800f515   Thumb Code    32  vsprintf.o(.text)
    __2printf                                0x0800f539   Thumb Code    20  __2printf.o(.text)
    __2sprintf                               0x0800f551   Thumb Code    38  __2sprintf.o(.text)
    _printf_pre_padding                      0x0800f57d   Thumb Code    44  _printf_pad.o(.text)
    _printf_post_padding                     0x0800f5a9   Thumb Code    34  _printf_pad.o(.text)
    _printf_str                              0x0800f5cb   Thumb Code    82  _printf_str.o(.text)
    _printf_int_dec                          0x0800f61d   Thumb Code   104  _printf_dec.o(.text)
    _printf_longlong_hex                     0x0800f695   Thumb Code    86  _printf_hex_int_ll_ptr.o(.text)
    _printf_int_hex                          0x0800f6eb   Thumb Code    28  _printf_hex_int_ll_ptr.o(.text)
    _printf_ll_hex                           0x0800f707   Thumb Code    12  _printf_hex_int_ll_ptr.o(.text)
    _printf_hex_ptr                          0x0800f713   Thumb Code    18  _printf_hex_int_ll_ptr.o(.text)
    __printf                                 0x0800f729   Thumb Code   388  __printf_flags_ss_wp.o(.text)
    atoi                                     0x0800f8b1   Thumb Code    26  atoi.o(.text)
    strstr                                   0x0800f8cb   Thumb Code    36  strstr.o(.text)
    strcpy                                   0x0800f8ef   Thumb Code    72  strcpy.o(.text)
    strlen                                   0x0800f937   Thumb Code    62  strlen.o(.text)
    __aeabi_memclr                           0x0800f975   Thumb Code     0  rt_memclr.o(.text)
    __rt_memclr                              0x0800f975   Thumb Code    68  rt_memclr.o(.text)
    _memset                                  0x0800f979   Thumb Code     0  rt_memclr.o(.text)
    __aeabi_memclr4                          0x0800f9b9   Thumb Code     0  rt_memclr_w.o(.text)
    __aeabi_memclr8                          0x0800f9b9   Thumb Code     0  rt_memclr_w.o(.text)
    __rt_memclr_w                            0x0800f9b9   Thumb Code    78  rt_memclr_w.o(.text)
    _memset_w                                0x0800f9bd   Thumb Code     0  rt_memclr_w.o(.text)
    strncpy                                  0x0800fa07   Thumb Code    86  strncpy.o(.text)
    strcmp                                   0x0800fa5d   Thumb Code   128  strcmpv7m.o(.text)
    __use_two_region_memory                  0x0800fadd   Thumb Code     2  heapauxi.o(.text)
    __rt_heap_escrow                         0x0800fadf   Thumb Code     2  heapauxi.o(.text)
    __rt_heap_expand                         0x0800fae1   Thumb Code     2  heapauxi.o(.text)
    __I$use$semihosting                      0x0800fae3   Thumb Code     0  use_no_semi.o(.text)
    __use_no_semihosting_swi                 0x0800fae3   Thumb Code     2  use_no_semi.o(.text)
    __rt_ctype_table                         0x0800fae5   Thumb Code    16  rt_ctype_table.o(.text)
    __aeabi_errno_addr                       0x0800faf5   Thumb Code     8  rt_errno_addr_intlibspace.o(.text)
    __errno$intlibspace                      0x0800faf5   Thumb Code     0  rt_errno_addr_intlibspace.o(.text)
    __rt_errno_addr$intlibspace              0x0800faf5   Thumb Code     0  rt_errno_addr_intlibspace.o(.text)
    _printf_truncate_signed                  0x0800fafd   Thumb Code    18  _printf_truncate.o(.text)
    _printf_truncate_unsigned                0x0800fb0f   Thumb Code    18  _printf_truncate.o(.text)
    _printf_int_common                       0x0800fb21   Thumb Code   178  _printf_intcommon.o(.text)
    _printf_charcount                        0x0800fbd3   Thumb Code    40  _printf_charcount.o(.text)
    __lib_sel_fp_printf                      0x0800fbfb   Thumb Code     2  _printf_fp_dec.o(.text)
    _printf_fp_dec_real                      0x0800fda9   Thumb Code   620  _printf_fp_dec.o(.text)
    _printf_char_common                      0x0801001f   Thumb Code    32  _printf_char_common.o(.text)
    _sputc                                   0x08010045   Thumb Code    10  _sputc.o(.text)
    _printf_cs_common                        0x0801004f   Thumb Code    20  _printf_char.o(.text)
    _printf_char                             0x08010063   Thumb Code    16  _printf_char.o(.text)
    _printf_string                           0x08010073   Thumb Code     8  _printf_char.o(.text)
    _printf_char_file                        0x0801007d   Thumb Code    32  _printf_char_file.o(.text)
    _printf_wctomb                           0x080100a1   Thumb Code   182  _printf_wctomb.o(.text)
    _printf_longlong_dec                     0x0801015d   Thumb Code   108  _printf_longlong_dec.o(.text)
    _printf_longlong_oct                     0x080101d9   Thumb Code    68  _printf_oct_int_ll.o(.text)
    _printf_int_oct                          0x0801021d   Thumb Code    24  _printf_oct_int_ll.o(.text)
    _printf_ll_oct                           0x08010235   Thumb Code    12  _printf_oct_int_ll.o(.text)
    strtol                                   0x08010249   Thumb Code   112  strtol.o(.text)
    __user_libspace                          0x080102b9   Thumb Code     8  libspace.o(.text)
    __user_perproc_libspace                  0x080102b9   Thumb Code     0  libspace.o(.text)
    __user_perthread_libspace                0x080102b9   Thumb Code     0  libspace.o(.text)
    __rt_locale                              0x080102c1   Thumb Code     8  rt_locale_intlibspace.o(.text)
    _ll_udiv10                               0x080102c9   Thumb Code   138  lludiv10.o(.text)
    _printf_fp_hex_real                      0x08010355   Thumb Code   754  _printf_fp_hex.o(.text)
    _printf_fp_infnan                        0x08010651   Thumb Code   112  _printf_fp_infnan.o(.text)
    _printf_lcs_common                       0x080106d1   Thumb Code    20  _printf_wchar.o(.text)
    _printf_wchar                            0x080106e5   Thumb Code    16  _printf_wchar.o(.text)
    _printf_wstring                          0x080106f5   Thumb Code     8  _printf_wchar.o(.text)
    _strtoul                                 0x080106fd   Thumb Code   158  _strtoul.o(.text)
    _btod_etento                             0x0801079d   Thumb Code   216  bigflt0.o(.text)
    ferror                                   0x08010879   Thumb Code     8  ferror.o(.text)
    _wcrtomb                                 0x08010881   Thumb Code    64  _wcrtomb.o(.text)
    __user_setup_stackheap                   0x080108c1   Thumb Code    74  sys_stackheap_outer.o(.text)
    _chval                                   0x0801090b   Thumb Code    28  _chval.o(.text)
    exit                                     0x08010927   Thumb Code    12  exit.o(.text)
    _btod_d2e                                0x08010933   Thumb Code    62  btod.o(CL$$btod_d2e)
    _d2e_denorm_low                          0x08010971   Thumb Code    70  btod.o(CL$$btod_d2e_denorm_low)
    _d2e_norm_op1                            0x080109b7   Thumb Code    96  btod.o(CL$$btod_d2e_norm_op1)
    __btod_div_common                        0x08010a17   Thumb Code   696  btod.o(CL$$btod_div_common)
    _e2e                                     0x08010d4f   Thumb Code   198  btod.o(CL$$btod_e2e)
    _btod_ediv                               0x08010e15   Thumb Code    40  btod.o(CL$$btod_ediv)
    _btod_emul                               0x08010e3d   Thumb Code    40  btod.o(CL$$btod_emul)
    __btod_mult_common                       0x08010e65   Thumb Code   580  btod.o(CL$$btod_mult_common)
    OSStartHighRdy                           0x080110a9   Thumb Code     0  os_cpu_a.o(CODE)
    PendSV_Handler                           0x080110df   Thumb Code     0  os_cpu_a.o(CODE)
    __ARM_fpclassify                         0x08011141   Thumb Code    40  fpclassify.o(i.__ARM_fpclassify)
    _is_digit                                0x08011169   Thumb Code    14  __printf_wp.o(i._is_digit)
    _get_lc_ctype                            0x08011179   Thumb Code    44  lc_ctype_c.o(locale$$code)
    _get_lc_numeric                          0x080111a5   Thumb Code    44  lc_numeric_c.o(locale$$code)
    __aeabi_dadd                             0x080111d1   Thumb Code     0  daddsub_clz.o(x$fpl$dadd)
    _dadd                                    0x080111d1   Thumb Code   332  daddsub_clz.o(x$fpl$dadd)
    __aeabi_ddiv                             0x08011321   Thumb Code     0  ddiv.o(x$fpl$ddiv)
    _ddiv                                    0x08011321   Thumb Code   552  ddiv.o(x$fpl$ddiv)
    __aeabi_d2iz                             0x080115d1   Thumb Code     0  dfix.o(x$fpl$dfix)
    _dfix                                    0x080115d1   Thumb Code    94  dfix.o(x$fpl$dfix)
    __aeabi_i2d                              0x0801162f   Thumb Code     0  dflt_clz.o(x$fpl$dflt)
    _dflt                                    0x0801162f   Thumb Code    46  dflt_clz.o(x$fpl$dflt)
    __aeabi_dmul                             0x0801165d   Thumb Code     0  dmul.o(x$fpl$dmul)
    _dmul                                    0x0801165d   Thumb Code   332  dmul.o(x$fpl$dmul)
    __fpl_dnaninf                            0x080117b1   Thumb Code   156  dnaninf.o(x$fpl$dnaninf)
    __fpl_dretinf                            0x0801184d   Thumb Code    12  dretinf.o(x$fpl$dretinf)
    __aeabi_dsub                             0x08011859   Thumb Code     0  daddsub_clz.o(x$fpl$dsub)
    _dsub                                    0x08011859   Thumb Code   464  daddsub_clz.o(x$fpl$dsub)
    __aeabi_f2d                              0x08011a2d   Thumb Code     0  f2d.o(x$fpl$f2d)
    _f2d                                     0x08011a2d   Thumb Code    86  f2d.o(x$fpl$f2d)
    __aeabi_fadd                             0x08011a85   Thumb Code     0  faddsub_clz.o(x$fpl$fadd)
    _fadd                                    0x08011a85   Thumb Code   196  faddsub_clz.o(x$fpl$fadd)
    __fpl_fnaninf                            0x08011b49   Thumb Code   140  fnaninf.o(x$fpl$fnaninf)
    __fpl_fretinf                            0x08011bd5   Thumb Code    10  fretinf.o(x$fpl$fretinf)
    __aeabi_fsub                             0x08011be1   Thumb Code     0  faddsub_clz.o(x$fpl$fsub)
    _fsub                                    0x08011be1   Thumb Code   234  faddsub_clz.o(x$fpl$fsub)
    _printf_fp_dec                           0x08011ccb   Thumb Code     4  printf1.o(x$fpl$printf1)
    _printf_fp_hex                           0x08011ccf   Thumb Code     4  printf2.o(x$fpl$printf2)
    F6x8                                     0x08011cd2   Data         552  oled.o(.constdata)
    __I$use$fp                               0x08011cd2   Number         0  usenofp.o(x$fpl$usenofp)
    F8X16                                    0x08011efa   Data        1520  oled.o(.constdata)
    Hzk                                      0x080124ea   Data        1216  oled.o(.constdata)
    table_week                               0x080129aa   Data          12  rtc.o(.constdata)
    mon_table                                0x080129b6   Data          12  rtc.o(.constdata)
    CPU_EndiannessTest                       0x08012ac4   Data           4  cpu_core.o(.constdata)
    OSCfg_IdleTaskStkBasePtr                 0x08012b5c   Data           4  os_cfg_app.o(.constdata)
    OSCfg_IdleTaskStkLimit                   0x08012b60   Data           4  os_cfg_app.o(.constdata)
    OSCfg_IdleTaskStkSize                    0x08012b64   Data           4  os_cfg_app.o(.constdata)
    OSCfg_IdleTaskStkSizeRAM                 0x08012b68   Data           4  os_cfg_app.o(.constdata)
    OSCfg_IntQBasePtr                        0x08012b6c   Data           4  os_cfg_app.o(.constdata)
    OSCfg_IntQSize                           0x08012b70   Data           2  os_cfg_app.o(.constdata)
    OSCfg_IntQSizeRAM                        0x08012b74   Data           4  os_cfg_app.o(.constdata)
    OSCfg_IntQTaskStkBasePtr                 0x08012b78   Data           4  os_cfg_app.o(.constdata)
    OSCfg_IntQTaskStkLimit                   0x08012b7c   Data           4  os_cfg_app.o(.constdata)
    OSCfg_IntQTaskStkSize                    0x08012b80   Data           4  os_cfg_app.o(.constdata)
    OSCfg_IntQTaskStkSizeRAM                 0x08012b84   Data           4  os_cfg_app.o(.constdata)
    OSCfg_ISRStkBasePtr                      0x08012b88   Data           4  os_cfg_app.o(.constdata)
    OSCfg_ISRStkSize                         0x08012b8c   Data           4  os_cfg_app.o(.constdata)
    OSCfg_ISRStkSizeRAM                      0x08012b90   Data           4  os_cfg_app.o(.constdata)
    OSCfg_MsgPoolSize                        0x08012b94   Data           2  os_cfg_app.o(.constdata)
    OSCfg_MsgPoolSizeRAM                     0x08012b98   Data           4  os_cfg_app.o(.constdata)
    OSCfg_MsgPoolBasePtr                     0x08012b9c   Data           4  os_cfg_app.o(.constdata)
    OSCfg_StatTaskPrio                       0x08012ba0   Data           1  os_cfg_app.o(.constdata)
    OSCfg_StatTaskRate_Hz                    0x08012ba4   Data           4  os_cfg_app.o(.constdata)
    OSCfg_StatTaskStkBasePtr                 0x08012ba8   Data           4  os_cfg_app.o(.constdata)
    OSCfg_StatTaskStkLimit                   0x08012bac   Data           4  os_cfg_app.o(.constdata)
    OSCfg_StatTaskStkSize                    0x08012bb0   Data           4  os_cfg_app.o(.constdata)
    OSCfg_StatTaskStkSizeRAM                 0x08012bb4   Data           4  os_cfg_app.o(.constdata)
    OSCfg_StkSizeMin                         0x08012bb8   Data           4  os_cfg_app.o(.constdata)
    OSCfg_TickRate_Hz                        0x08012bbc   Data           4  os_cfg_app.o(.constdata)
    OSCfg_TickTaskPrio                       0x08012bc0   Data           1  os_cfg_app.o(.constdata)
    OSCfg_TickTaskStkBasePtr                 0x08012bc4   Data           4  os_cfg_app.o(.constdata)
    OSCfg_TickTaskStkLimit                   0x08012bc8   Data           4  os_cfg_app.o(.constdata)
    OSCfg_TickTaskStkSize                    0x08012bcc   Data           4  os_cfg_app.o(.constdata)
    OSCfg_TickTaskStkSizeRAM                 0x08012bd0   Data           4  os_cfg_app.o(.constdata)
    OSCfg_TickWheelSize                      0x08012bd4   Data           2  os_cfg_app.o(.constdata)
    OSCfg_TickWheelSizeRAM                   0x08012bd8   Data           4  os_cfg_app.o(.constdata)
    OSCfg_TmrTaskPrio                        0x08012bdc   Data           1  os_cfg_app.o(.constdata)
    OSCfg_TmrTaskRate_Hz                     0x08012be0   Data           4  os_cfg_app.o(.constdata)
    OSCfg_TmrTaskStkBasePtr                  0x08012be4   Data           4  os_cfg_app.o(.constdata)
    OSCfg_TmrTaskStkLimit                    0x08012be8   Data           4  os_cfg_app.o(.constdata)
    OSCfg_TmrTaskStkSize                     0x08012bec   Data           4  os_cfg_app.o(.constdata)
    OSCfg_TmrTaskStkSizeRAM                  0x08012bf0   Data           4  os_cfg_app.o(.constdata)
    OSCfg_TmrWheelSize                       0x08012bf4   Data           2  os_cfg_app.o(.constdata)
    OSCfg_TmrWheelSizeRAM                    0x08012bf8   Data           4  os_cfg_app.o(.constdata)
    OSCfg_DataSizeRAM                        0x08012bfc   Data           4  os_cfg_app.o(.constdata)
    OSDbg_DbgEn                              0x08012c00   Data           2  os_dbg.o(.constdata)
    OSDbg_ArgChkEn                           0x08012c02   Data           1  os_dbg.o(.constdata)
    OSDbg_AppHooksEn                         0x08012c03   Data           1  os_dbg.o(.constdata)
    OSDbg_EndiannessTest                     0x08012c04   Data           4  os_dbg.o(.constdata)
    OSDbg_CalledFromISRChkEn                 0x08012c08   Data           1  os_dbg.o(.constdata)
    OSDbg_FlagEn                             0x08012c09   Data           1  os_dbg.o(.constdata)
    OSDbg_FlagGrp                            0x08012c0c   Data          40  os_dbg.o(.constdata)
    OSDbg_FlagDelEn                          0x08012c34   Data           1  os_dbg.o(.constdata)
    OSDbg_FlagModeClrEn                      0x08012c35   Data           1  os_dbg.o(.constdata)
    OSDbg_FlagPendAbortEn                    0x08012c36   Data           1  os_dbg.o(.constdata)
    OSDbg_FlagGrpSize                        0x08012c38   Data           2  os_dbg.o(.constdata)
    OSDbg_FlagWidth                          0x08012c3a   Data           2  os_dbg.o(.constdata)
    OSDbg_IntQ                               0x08012c3c   Data           2  os_dbg.o(.constdata)
    OSDbg_ISRPostDeferredEn                  0x08012c3e   Data           1  os_dbg.o(.constdata)
    OSDbg_Mem                                0x08012c40   Data          32  os_dbg.o(.constdata)
    OSDbg_MemEn                              0x08012c60   Data           1  os_dbg.o(.constdata)
    OSDbg_MemSize                            0x08012c62   Data           2  os_dbg.o(.constdata)
    OSDbg_MsgEn                              0x08012c64   Data           1  os_dbg.o(.constdata)
    OSDbg_MsgSize                            0x08012c66   Data           2  os_dbg.o(.constdata)
    OSDbg_MsgPoolSize                        0x08012c68   Data           2  os_dbg.o(.constdata)
    OSDbg_MsgQSize                           0x08012c6a   Data           2  os_dbg.o(.constdata)
    OSDbg_Mutex                              0x08012c6c   Data          44  os_dbg.o(.constdata)
    OSDbg_MutexEn                            0x08012c98   Data           1  os_dbg.o(.constdata)
    OSDbg_MutexDelEn                         0x08012c99   Data           1  os_dbg.o(.constdata)
    OSDbg_MutexPendAbortEn                   0x08012c9a   Data           1  os_dbg.o(.constdata)
    OSDbg_MutexSize                          0x08012c9c   Data           2  os_dbg.o(.constdata)
    OSDbg_ObjTypeChkEn                       0x08012c9e   Data           1  os_dbg.o(.constdata)
    OSDbg_PendMultiEn                        0x08012c9f   Data           1  os_dbg.o(.constdata)
    OSDbg_PendDataSize                       0x08012ca0   Data           2  os_dbg.o(.constdata)
    OSDbg_PendListSize                       0x08012ca2   Data           2  os_dbg.o(.constdata)
    OSDbg_PendObjSize                        0x08012ca4   Data           2  os_dbg.o(.constdata)
    OSDbg_PrioMax                            0x08012ca6   Data           2  os_dbg.o(.constdata)
    OSDbg_PrioTblSize                        0x08012ca8   Data           2  os_dbg.o(.constdata)
    OSDbg_PtrSize                            0x08012caa   Data           2  os_dbg.o(.constdata)
    OSDbg_Q                                  0x08012cac   Data          48  os_dbg.o(.constdata)
    OSDbg_QEn                                0x08012cdc   Data           1  os_dbg.o(.constdata)
    OSDbg_QDelEn                             0x08012cdd   Data           1  os_dbg.o(.constdata)
    OSDbg_QFlushEn                           0x08012cde   Data           1  os_dbg.o(.constdata)
    OSDbg_QPendAbortEn                       0x08012cdf   Data           1  os_dbg.o(.constdata)
    OSDbg_QSize                              0x08012ce0   Data           2  os_dbg.o(.constdata)
    OSDbg_SchedRoundRobinEn                  0x08012ce2   Data           1  os_dbg.o(.constdata)
    OSDbg_Sem                                0x08012ce4   Data          40  os_dbg.o(.constdata)
    OSDbg_SemEn                              0x08012d0c   Data           1  os_dbg.o(.constdata)
    OSDbg_SemDelEn                           0x08012d0d   Data           1  os_dbg.o(.constdata)
    OSDbg_SemPendAbortEn                     0x08012d0e   Data           1  os_dbg.o(.constdata)
    OSDbg_SemSetEn                           0x08012d0f   Data           1  os_dbg.o(.constdata)
    OSDbg_SemSize                            0x08012d10   Data           2  os_dbg.o(.constdata)
    OSDbg_RdyList                            0x08012d12   Data           2  os_dbg.o(.constdata)
    OSDbg_RdyListSize                        0x08012d14   Data           4  os_dbg.o(.constdata)
    OSDbg_StkWidth                           0x08012d18   Data           1  os_dbg.o(.constdata)
    OSDbg_StatTaskEn                         0x08012d19   Data           1  os_dbg.o(.constdata)
    OSDbg_StatTaskStkChkEn                   0x08012d1a   Data           1  os_dbg.o(.constdata)
    OSDbg_TaskChangePrioEn                   0x08012d1b   Data           1  os_dbg.o(.constdata)
    OSDbg_TaskDelEn                          0x08012d1c   Data           1  os_dbg.o(.constdata)
    OSDbg_TaskQEn                            0x08012d1d   Data           1  os_dbg.o(.constdata)
    OSDbg_TaskQPendAbortEn                   0x08012d1e   Data           1  os_dbg.o(.constdata)
    OSDbg_TaskProfileEn                      0x08012d1f   Data           1  os_dbg.o(.constdata)
    OSDbg_TaskRegTblSize                     0x08012d20   Data           2  os_dbg.o(.constdata)
    OSDbg_TaskSemPendAbortEn                 0x08012d22   Data           1  os_dbg.o(.constdata)
    OSDbg_TaskSuspendEn                      0x08012d23   Data           1  os_dbg.o(.constdata)
    OSDbg_TCBSize                            0x08012d24   Data           2  os_dbg.o(.constdata)
    OSDbg_TickSpokeSize                      0x08012d26   Data           2  os_dbg.o(.constdata)
    OSDbg_TimeDlyHMSMEn                      0x08012d28   Data           1  os_dbg.o(.constdata)
    OSDbg_TimeDlyResumeEn                    0x08012d29   Data           1  os_dbg.o(.constdata)
    OSDbg_TLS_TblSize                        0x08012d2a   Data           2  os_dbg.o(.constdata)
    OSDbg_Tmr                                0x08012d2c   Data          52  os_dbg.o(.constdata)
    OSDbg_TmrEn                              0x08012d60   Data           1  os_dbg.o(.constdata)
    OSDbg_TmrDelEn                           0x08012d61   Data           1  os_dbg.o(.constdata)
    OSDbg_TmrSize                            0x08012d62   Data           2  os_dbg.o(.constdata)
    OSDbg_TmrSpokeSize                       0x08012d64   Data           2  os_dbg.o(.constdata)
    OSDbg_VersionNbr                         0x08012d66   Data           2  os_dbg.o(.constdata)
    OSDbg_DataSize                           0x08012d68   Data           4  os_dbg.o(.constdata)
    Region$$Table$$Base                      0x08012e6c   Number         0  anon$$obj.o(Region$$Table)
    Region$$Table$$Limit                     0x08012e8c   Number         0  anon$$obj.o(Region$$Table)
    __ctype                                  0x08012e99   Data           0  lc_ctype_c.o(locale$$data)
    g_oled_display_flag                      0x20000000   Data           4  main.o(.data)
    g_oled_display_time_count                0x20000004   Data           4  main.o(.data)
    SystemCoreClock                          0x2000000c   Data           4  system_stm32f10x.o(.data)
    AHBPrescTable                            0x20000010   Data          16  system_stm32f10x.o(.data)
    USART2_RX_STA                            0x20000020   Data           2  usart2.o(.data)
    USART3_RX_STA                            0x20000024   Data           2  usart3.o(.data)
    UART4_RX_STA                             0x2000002c   Data           2  uart4.o(.data)
    MQ135_ADC_ConvertedValue                 0x20000036   Data           2  mq135.o(.data)
    __stdout                                 0x2000003c   Data           4  usart.o(.data)
    USART_RX_STA                             0x20000040   Data           2  usart.o(.data)
    CPU_TS_TmrFreq_Hz                        0x20000058   Data           4  cpu_core.o(.data)
    Mem_PoolTbl                              0x2000005c   Data           4  lib_mem.o(.data)
    OSPrioTbl                                0x20000060   Data           8  os_prio.o(.data)
    OS_AppTaskCreateHookPtr                  0x20000068   Data           4  os_var.o(.data)
    OS_AppTaskDelHookPtr                     0x2000006c   Data           4  os_var.o(.data)
    OS_AppTaskReturnHookPtr                  0x20000070   Data           4  os_var.o(.data)
    OS_AppIdleTaskHookPtr                    0x20000074   Data           4  os_var.o(.data)
    OS_AppStatTaskHookPtr                    0x20000078   Data           4  os_var.o(.data)
    OS_AppTaskSwHookPtr                      0x2000007c   Data           4  os_var.o(.data)
    OS_AppTimeTickHookPtr                    0x20000080   Data           4  os_var.o(.data)
    OSIdleTaskCtr                            0x20000084   Data           4  os_var.o(.data)
    OSIntNestingCtr                          0x20000088   Data           1  os_var.o(.data)
    OSRunning                                0x20000089   Data           1  os_var.o(.data)
    OSIntQInPtr                              0x2000008c   Data           4  os_var.o(.data)
    OSIntQOutPtr                             0x20000090   Data           4  os_var.o(.data)
    OSIntQNbrEntries                         0x20000094   Data           2  os_var.o(.data)
    OSIntQNbrEntriesMax                      0x20000096   Data           2  os_var.o(.data)
    OSIntQOvfCtr                             0x20000098   Data           2  os_var.o(.data)
    OSIntQTaskTimeMax                        0x2000009c   Data           4  os_var.o(.data)
    OSFlagDbgListPtr                         0x200000a0   Data           4  os_var.o(.data)
    OSFlagQty                                0x200000a4   Data           2  os_var.o(.data)
    OSMemDbgListPtr                          0x200000a8   Data           4  os_var.o(.data)
    OSMemQty                                 0x200000ac   Data           2  os_var.o(.data)
    OSMutexDbgListPtr                        0x200000b0   Data           4  os_var.o(.data)
    OSMutexQty                               0x200000b4   Data           2  os_var.o(.data)
    OSPrioCur                                0x200000b6   Data           1  os_var.o(.data)
    OSPrioHighRdy                            0x200000b7   Data           1  os_var.o(.data)
    OSPrioSaved                              0x200000b8   Data           1  os_var.o(.data)
    OSQDbgListPtr                            0x200000bc   Data           4  os_var.o(.data)
    OSQQty                                   0x200000c0   Data           2  os_var.o(.data)
    OSSchedLockTimeBegin                     0x200000c4   Data           4  os_var.o(.data)
    OSSchedLockTimeMax                       0x200000c8   Data           4  os_var.o(.data)
    OSSchedLockTimeMaxCur                    0x200000cc   Data           4  os_var.o(.data)
    OSSchedLockNestingCtr                    0x200000d0   Data           1  os_var.o(.data)
    OSSchedRoundRobinDfltTimeQuanta          0x200000d4   Data           4  os_var.o(.data)
    OSSchedRoundRobinEn                      0x200000d8   Data           1  os_var.o(.data)
    OSSemDbgListPtr                          0x200000dc   Data           4  os_var.o(.data)
    OSSemQty                                 0x200000e0   Data           2  os_var.o(.data)
    OSStatResetFlag                          0x200000e2   Data           1  os_var.o(.data)
    OSStatTaskCPUUsage                       0x200000e4   Data           2  os_var.o(.data)
    OSStatTaskCPUUsageMax                    0x200000e6   Data           2  os_var.o(.data)
    OSStatTaskCtr                            0x200000e8   Data           4  os_var.o(.data)
    OSStatTaskCtrMax                         0x200000ec   Data           4  os_var.o(.data)
    OSStatTaskCtrRun                         0x200000f0   Data           4  os_var.o(.data)
    OSStatTaskRdy                            0x200000f4   Data           1  os_var.o(.data)
    OSStatTaskTimeMax                        0x200000f8   Data           4  os_var.o(.data)
    OSTaskCtxSwCtr                           0x200000fc   Data           4  os_var.o(.data)
    OSTaskDbgListPtr                         0x20000100   Data           4  os_var.o(.data)
    OSTaskQty                                0x20000104   Data           2  os_var.o(.data)
    OSTaskRegNextAvailID                     0x20000106   Data           1  os_var.o(.data)
    OSTickCtr                                0x20000108   Data           4  os_var.o(.data)
    OSTickTaskTimeMax                        0x2000010c   Data           4  os_var.o(.data)
    OSTmrDbgListPtr                          0x20000110   Data           4  os_var.o(.data)
    OSTmrQty                                 0x20000114   Data           2  os_var.o(.data)
    OSTmrTaskTimeMax                         0x20000118   Data           4  os_var.o(.data)
    OSTmrTickCtr                             0x2000011c   Data           4  os_var.o(.data)
    OSTmrUpdateCnt                           0x20000120   Data           4  os_var.o(.data)
    OSTmrUpdateCtr                           0x20000124   Data           4  os_var.o(.data)
    OSTCBCurPtr                              0x20000128   Data           4  os_var.o(.data)
    OSTCBHighRdyPtr                          0x2000012c   Data           4  os_var.o(.data)
    OS_CPU_ExceptStkBase                     0x20000130   Data           4  os_cpu_c.o(.data)
    EXTI_InitStructure                       0x20000134   Data           8  lora_app.o(.data)
    NVIC_InitStructure                       0x2000013c   Data           4  lora_app.o(.data)
    Lora_mode                                0x20000140   Data           1  lora_app.o(.data)
    Dire_Date                                0x20000142   Data           5  lora_app.o(.data)
    obj_addr                                 0x20000148   Data           4  lora_app.o(.data)
    obj_chn                                  0x2000014c   Data           1  lora_app.o(.data)
    StartTaskTCB                             0x20000150   Data         196  main.o(.bss)
    START_TASK_STK                           0x20000214   Data        2048  main.o(.bss)
    DHT11_Task_TCB                           0x20000a14   Data         196  main.o(.bss)
    DHT11_TASK_STK                           0x20000ad8   Data         512  main.o(.bss)
    TDLAS_Task_TCB                           0x20000cd8   Data         196  main.o(.bss)
    TDLAS_TASK_STK                           0x20000d9c   Data        2048  main.o(.bss)
    MQ135_Task_TCB                           0x2000159c   Data         196  main.o(.bss)
    MQ135_TASK_STK                           0x20001660   Data         512  main.o(.bss)
    MQ4_Task_TCB                             0x20001860   Data         196  main.o(.bss)
    MQ4_TASK_STK                             0x20001924   Data         512  main.o(.bss)
    IWG_Task_TCB                             0x20001b24   Data         196  main.o(.bss)
    IWG_TASK_STK                             0x20001be8   Data         512  main.o(.bss)
    SAVE_Task_TCB                            0x20001de8   Data         196  main.o(.bss)
    SAVE_TASK_STK                            0x20001eac   Data        2048  main.o(.bss)
    LORA_Task_TCB                            0x200026ac   Data         196  main.o(.bss)
    LORA_TASK_STK                            0x20002770   Data        2048  main.o(.bss)
    RTC_Task_TCB                             0x20002f70   Data         196  main.o(.bss)
    RTC_TASK_STK                             0x20003034   Data         512  main.o(.bss)
    Led0TaskTCB                              0x20003234   Data         196  main.o(.bss)
    LED0_TASK_STK                            0x200032f8   Data         512  main.o(.bss)
    Led1TaskTCB                              0x200034f8   Data         196  main.o(.bss)
    LED1_TASK_STK                            0x200035bc   Data         512  main.o(.bss)
    BEEP_Task_TCB                            0x200037bc   Data         196  main.o(.bss)
    BEEP_TASK_STK                            0x20003880   Data         512  main.o(.bss)
    KEY_Task_TCB                             0x20003a80   Data         196  main.o(.bss)
    KEY_TASK_STK                             0x20003b44   Data         512  main.o(.bss)
    TASK_STA_Task_TCB                        0x20003d44   Data         196  main.o(.bss)
    TASK_STA_TASK_STK                        0x20003e08   Data         512  main.o(.bss)
    FloatTaskTCB                             0x20004008   Data         196  main.o(.bss)
    FLOAT_TASK_STK                           0x200040d0   Data         512  main.o(.bss)
    g_flag_grp                               0x200042d0   Data          40  main.o(.bss)
    g_sem_led                                0x200042f8   Data          40  main.o(.bss)
    g_sem_beep                               0x20004320   Data          40  main.o(.bss)
    g_mutex_printf                           0x20004348   Data          44  main.o(.bss)
    g_mutex_oled                             0x20004374   Data          44  main.o(.bss)
    g_mutex_lcd                              0x200043a0   Data          44  main.o(.bss)
    g_mutex_TDLAS                            0x200043cc   Data          44  main.o(.bss)
    g_mutex_DHT11                            0x200043f8   Data          44  main.o(.bss)
    g_mutex_NODE                             0x20004424   Data          44  main.o(.bss)
    g_queue_usart1                           0x20004450   Data          48  main.o(.bss)
    g_queue_usart2                           0x20004480   Data          48  main.o(.bss)
    g_queue_usart3                           0x200044b0   Data          48  main.o(.bss)
    g_queue_usart4                           0x200044e0   Data          48  main.o(.bss)
    g_queue_usart5                           0x20004510   Data          48  main.o(.bss)
    g_queue_dht11_to_lora                    0x20004540   Data          48  main.o(.bss)
    g_queue_dht11_to_txt                     0x20004570   Data          48  main.o(.bss)
    g_queue_TDLAS_to_lora                    0x200045a0   Data          48  main.o(.bss)
    g_queue_TDLAS_to_txt                     0x200045d0   Data          48  main.o(.bss)
    g_queue_MQ135_to_lora                    0x20004600   Data          48  main.o(.bss)
    g_queue_MQ135_to_txt                     0x20004630   Data          48  main.o(.bss)
    g_queue_MQ4_to_lora                      0x20004660   Data          48  main.o(.bss)
    g_queue_MQ4_to_txt                       0x20004690   Data          48  main.o(.bss)
    temp_buf                                 0x200046c0   Data          16  main.o(.bss)
    humi_buf                                 0x200046d0   Data          16  main.o(.bss)
    TDLAS                                    0x200046e0   Data          20  main.o(.bss)
    MQ135                                    0x200046f4   Data          20  main.o(.bss)
    MQ4                                      0x20004708   Data          20  main.o(.bss)
    node_1                                   0x2000471c   Data          44  main.o(.bss)
    USART2_RX_BUF                            0x20004748   Data         600  usart2.o(.bss)
    USART2_TX_BUF                            0x200049a0   Data         600  usart2.o(.bss)
    USART3_RX_BUF                            0x20004bf8   Data        1024  usart3.o(.bss)
    USART3_TX_BUF                            0x20004ff8   Data         600  usart3.o(.bss)
    USART_InitStructure                      0x20005250   Data          16  usart3.o(.bss)
    UART4_RX_BUF                             0x20005260   Data         600  uart4.o(.bss)
    UART4_TX_BUF                             0x200054b8   Data         600  uart4.o(.bss)
    calendar                                 0x20005710   Data          10  rtc.o(.bss)
    USART_RX_BUF                             0x2000571a   Data         200  usart.o(.bss)
    CPU_Name                                 0x200057e2   Data          16  cpu_core.o(.bss)
    Mem_PoolHeap                             0x200057f4   Data          72  lib_mem.o(.bss)
    Mem_Heap                                 0x2000583c   Data        1024  lib_mem.o(.bss)
    OSCfg_IdleTaskStk                        0x20005c3c   Data         512  os_cfg_app.o(.bss)
    OSCfg_IntQ                               0x20005e3c   Data         320  os_cfg_app.o(.bss)
    OSCfg_IntQTaskStk                        0x20005f7c   Data         512  os_cfg_app.o(.bss)
    OSCfg_ISRStk                             0x2000617c   Data         512  os_cfg_app.o(.bss)
    OSCfg_MsgPool                            0x2000637c   Data        1600  os_cfg_app.o(.bss)
    OSCfg_StatTaskStk                        0x200069bc   Data         512  os_cfg_app.o(.bss)
    OSCfg_TickTaskStk                        0x20006bbc   Data         512  os_cfg_app.o(.bss)
    OSCfg_TickWheel                          0x20006dbc   Data         136  os_cfg_app.o(.bss)
    OSCfg_TmrTaskStk                         0x20006e44   Data         512  os_cfg_app.o(.bss)
    OSCfg_TmrWheel                           0x20007044   Data         136  os_cfg_app.o(.bss)
    OSIdleTaskTCB                            0x200070cc   Data         196  os_var.o(.bss)
    OSIntQTaskTCB                            0x20007190   Data         196  os_var.o(.bss)
    OSMsgPool                                0x20007254   Data          12  os_var.o(.bss)
    OSRdyList                                0x20007260   Data         768  os_var.o(.bss)
    OSStatTaskTCB                            0x20007560   Data         196  os_var.o(.bss)
    OSTickTaskTCB                            0x20007624   Data         196  os_var.o(.bss)
    OSTmrTaskTCB                             0x200076e8   Data         196  os_var.o(.bss)
    My_LoRa_CFG                              0x200077ac   Data          10  lora_app.o(.bss)
    date                                     0x200077b6   Data          30  lora_app.o(.bss)
    Tran_Data                                0x200077d4   Data          30  lora_app.o(.bss)
    wlcd_buff                                0x200077f2   Data          10  lora_app.o(.bss)
    rlcd_buff                                0x200077fc   Data          10  lora_app.o(.bss)
    __libspace_start                         0x20007808   Data          96  libspace.o(.bss)
    __temporary_stack_top$libspace           0x20007868   Data           0  libspace.o(.bss)
    mem2base                                 0x68000000   Data       983040  malloc.o(.ARM.__AT_0x68000000)
    mem2mapbase                              0x680f0000   Data       61440  malloc.o(.ARM.__AT_0x680F0000)



==============================================================================

Memory Map of the image

  Image Entry point : 0x08000131

  Load Region LR_IROM1 (Base: 0x08000000, Size: 0x00013108, Max: 0x00080000, ABSOLUTE, COMPRESSED[0x00012fe4])

    Execution Region ER_IROM1 (Base: 0x08000000, Size: 0x00012fb8, Max: 0x00080000, ABSOLUTE)

    Base Addr    Size         Type   Attr      Idx    E Section Name        Object

    0x08000000   0x00000130   Data   RO          533    RESET               startup_stm32f10x_hd.o
    0x08000130   0x00000008   Code   RO         1521  * !!!main             c_w.l(__main.o)
    0x08000138   0x00000034   Code   RO         1982    !!!scatter          c_w.l(__scatter.o)
    0x0800016c   0x0000005a   Code   RO         1980    !!dczerorl2         c_w.l(__dczerorl2.o)
    0x080001c6   0x00000002   PAD
    0x080001c8   0x0000001c   Code   RO         1984    !!handler_zi        c_w.l(__scatter_zi.o)
    0x080001e4   0x00000000   Code   RO         1494    .ARM.Collect$$_printf_percent$$00000000  c_w.l(_printf_percent.o)
    0x080001e4   0x00000006   Code   RO         1634    .ARM.Collect$$_printf_percent$$00000001  c_w.l(_printf_n.o)
    0x080001ea   0x00000006   Code   RO         1635    .ARM.Collect$$_printf_percent$$00000002  c_w.l(_printf_p.o)
    0x080001f0   0x00000006   Code   RO         1492    .ARM.Collect$$_printf_percent$$00000003  c_w.l(_printf_f.o)
    0x080001f6   0x00000006   Code   RO         1638    .ARM.Collect$$_printf_percent$$00000004  c_w.l(_printf_e.o)
    0x080001fc   0x00000006   Code   RO         1493    .ARM.Collect$$_printf_percent$$00000005  c_w.l(_printf_g.o)
    0x08000202   0x00000006   Code   RO         1639    .ARM.Collect$$_printf_percent$$00000006  c_w.l(_printf_a.o)
    0x08000208   0x0000000a   Code   RO         1644    .ARM.Collect$$_printf_percent$$00000007  c_w.l(_printf_ll.o)
    0x08000212   0x00000006   Code   RO         1490    .ARM.Collect$$_printf_percent$$00000008  c_w.l(_printf_i.o)
    0x08000218   0x00000006   Code   RO         1491    .ARM.Collect$$_printf_percent$$00000009  c_w.l(_printf_d.o)
    0x0800021e   0x00000006   Code   RO         1637    .ARM.Collect$$_printf_percent$$0000000A  c_w.l(_printf_u.o)
    0x08000224   0x00000006   Code   RO         1636    .ARM.Collect$$_printf_percent$$0000000B  c_w.l(_printf_o.o)
    0x0800022a   0x00000006   Code   RO         1489    .ARM.Collect$$_printf_percent$$0000000C  c_w.l(_printf_x.o)
    0x08000230   0x00000006   Code   RO         1641    .ARM.Collect$$_printf_percent$$0000000D  c_w.l(_printf_lli.o)
    0x08000236   0x00000006   Code   RO         1642    .ARM.Collect$$_printf_percent$$0000000E  c_w.l(_printf_lld.o)
    0x0800023c   0x00000006   Code   RO         1643    .ARM.Collect$$_printf_percent$$0000000F  c_w.l(_printf_llu.o)
    0x08000242   0x00000006   Code   RO         1648    .ARM.Collect$$_printf_percent$$00000010  c_w.l(_printf_llo.o)
    0x08000248   0x00000006   Code   RO         1649    .ARM.Collect$$_printf_percent$$00000011  c_w.l(_printf_llx.o)
    0x0800024e   0x0000000a   Code   RO         1645    .ARM.Collect$$_printf_percent$$00000012  c_w.l(_printf_l.o)
    0x08000258   0x00000006   Code   RO         1633    .ARM.Collect$$_printf_percent$$00000013  c_w.l(_printf_c.o)
    0x0800025e   0x00000006   Code   RO         1488    .ARM.Collect$$_printf_percent$$00000014  c_w.l(_printf_s.o)
    0x08000264   0x00000006   Code   RO         1646    .ARM.Collect$$_printf_percent$$00000015  c_w.l(_printf_lc.o)
    0x0800026a   0x00000006   Code   RO         1647    .ARM.Collect$$_printf_percent$$00000016  c_w.l(_printf_ls.o)
    0x08000270   0x00000004   Code   RO         1640    .ARM.Collect$$_printf_percent$$00000017  c_w.l(_printf_percent_end.o)
    0x08000274   0x00000002   Code   RO         1877    .ARM.Collect$$libinit$$00000000  c_w.l(libinit.o)
    0x08000276   0x00000000   Code   RO         1663    .ARM.Collect$$libinit$$00000002  c_w.l(libinit2.o)
    0x08000276   0x00000000   Code   RO         1665    .ARM.Collect$$libinit$$00000004  c_w.l(libinit2.o)
    0x08000276   0x00000000   Code   RO         1668    .ARM.Collect$$libinit$$0000000A  c_w.l(libinit2.o)
    0x08000276   0x00000000   Code   RO         1670    .ARM.Collect$$libinit$$0000000C  c_w.l(libinit2.o)
    0x08000276   0x00000000   Code   RO         1672    .ARM.Collect$$libinit$$0000000E  c_w.l(libinit2.o)
    0x08000276   0x00000006   Code   RO         1673    .ARM.Collect$$libinit$$0000000F  c_w.l(libinit2.o)
    0x0800027c   0x00000000   Code   RO         1675    .ARM.Collect$$libinit$$00000011  c_w.l(libinit2.o)
    0x0800027c   0x0000000c   Code   RO         1676    .ARM.Collect$$libinit$$00000012  c_w.l(libinit2.o)
    0x08000288   0x00000000   Code   RO         1677    .ARM.Collect$$libinit$$00000013  c_w.l(libinit2.o)
    0x08000288   0x00000000   Code   RO         1679    .ARM.Collect$$libinit$$00000015  c_w.l(libinit2.o)
    0x08000288   0x0000000a   Code   RO         1680    .ARM.Collect$$libinit$$00000016  c_w.l(libinit2.o)
    0x08000292   0x00000000   Code   RO         1681    .ARM.Collect$$libinit$$00000017  c_w.l(libinit2.o)
    0x08000292   0x00000000   Code   RO         1683    .ARM.Collect$$libinit$$00000019  c_w.l(libinit2.o)
    0x08000292   0x00000000   Code   RO         1685    .ARM.Collect$$libinit$$0000001B  c_w.l(libinit2.o)
    0x08000292   0x00000000   Code   RO         1687    .ARM.Collect$$libinit$$0000001D  c_w.l(libinit2.o)
    0x08000292   0x00000000   Code   RO         1689    .ARM.Collect$$libinit$$0000001F  c_w.l(libinit2.o)
    0x08000292   0x00000000   Code   RO         1691    .ARM.Collect$$libinit$$00000021  c_w.l(libinit2.o)
    0x08000292   0x00000000   Code   RO         1693    .ARM.Collect$$libinit$$00000023  c_w.l(libinit2.o)
    0x08000292   0x00000000   Code   RO         1695    .ARM.Collect$$libinit$$00000025  c_w.l(libinit2.o)
    0x08000292   0x00000000   Code   RO         1699    .ARM.Collect$$libinit$$0000002C  c_w.l(libinit2.o)
    0x08000292   0x00000000   Code   RO         1701    .ARM.Collect$$libinit$$0000002E  c_w.l(libinit2.o)
    0x08000292   0x00000000   Code   RO         1703    .ARM.Collect$$libinit$$00000030  c_w.l(libinit2.o)
    0x08000292   0x00000000   Code   RO         1705    .ARM.Collect$$libinit$$00000032  c_w.l(libinit2.o)
    0x08000292   0x00000002   Code   RO         1706    .ARM.Collect$$libinit$$00000033  c_w.l(libinit2.o)
    0x08000294   0x00000002   Code   RO         1973    .ARM.Collect$$libshutdown$$00000000  c_w.l(libshutdown.o)
    0x08000296   0x00000000   Code   RO         1902    .ARM.Collect$$libshutdown$$00000003  c_w.l(libshutdown2.o)
    0x08000296   0x00000000   Code   RO         1905    .ARM.Collect$$libshutdown$$00000006  c_w.l(libshutdown2.o)
    0x08000296   0x00000000   Code   RO         1908    .ARM.Collect$$libshutdown$$00000009  c_w.l(libshutdown2.o)
    0x08000296   0x00000000   Code   RO         1910    .ARM.Collect$$libshutdown$$0000000B  c_w.l(libshutdown2.o)
    0x08000296   0x00000000   Code   RO         1913    .ARM.Collect$$libshutdown$$0000000E  c_w.l(libshutdown2.o)
    0x08000296   0x00000002   Code   RO         1914    .ARM.Collect$$libshutdown$$0000000F  c_w.l(libshutdown2.o)
    0x08000298   0x00000000   Code   RO         1569    .ARM.Collect$$rtentry$$00000000  c_w.l(__rtentry.o)
    0x08000298   0x00000000   Code   RO         1730    .ARM.Collect$$rtentry$$00000002  c_w.l(__rtentry2.o)
    0x08000298   0x00000006   Code   RO         1742    .ARM.Collect$$rtentry$$00000004  c_w.l(__rtentry4.o)
    0x0800029e   0x00000000   Code   RO         1732    .ARM.Collect$$rtentry$$00000009  c_w.l(__rtentry2.o)
    0x0800029e   0x00000004   Code   RO         1733    .ARM.Collect$$rtentry$$0000000A  c_w.l(__rtentry2.o)
    0x080002a2   0x00000000   Code   RO         1735    .ARM.Collect$$rtentry$$0000000C  c_w.l(__rtentry2.o)
    0x080002a2   0x00000008   Code   RO         1736    .ARM.Collect$$rtentry$$0000000D  c_w.l(__rtentry2.o)
    0x080002aa   0x00000002   Code   RO         1886    .ARM.Collect$$rtexit$$00000000  c_w.l(rtexit.o)
    0x080002ac   0x00000000   Code   RO         1932    .ARM.Collect$$rtexit$$00000002  c_w.l(rtexit2.o)
    0x080002ac   0x00000004   Code   RO         1933    .ARM.Collect$$rtexit$$00000003  c_w.l(rtexit2.o)
    0x080002b0   0x00000006   Code   RO         1934    .ARM.Collect$$rtexit$$00000004  c_w.l(rtexit2.o)
    0x080002b6   0x00000002   PAD
    0x080002b8   0x0000113a   Code   RO            1    .text               main.o
    0x080013f2   0x00000016   Code   RO          201    .text               stm32f10x_it.o
    0x08001408   0x000001e0   Code   RO          239    .text               system_stm32f10x.o
    0x080015e8   0x0000004c   Code   RO          257    .text               led.o
    0x08001634   0x000001e0   Code   RO          273    .text               usart2.o
    0x08001814   0x0000026c   Code   RO          296    .text               usart3.o
    0x08001a80   0x0000018c   Code   RO          318    .text               uart4.o
    0x08001c0c   0x000000b0   Code   RO          337    .text               timer.o
    0x08001cbc   0x000002fc   Code   RO          350    .text               dht11.o
    0x08001fb8   0x00000770   Code   RO          362    .text               oled.o
    0x08002728   0x00000038   Code   RO          400    .text               beep.o
    0x08002760   0x000002a0   Code   RO          412    .text               key.o
    0x08002a00   0x000004d4   Code   RO          432    .text               rtc.o
    0x08002ed4   0x00000110   Code   RO          452    .text               mq135.o
    0x08002fe4   0x0000014c   Code   RO          467    .text               delay.o
    0x08003130   0x0000014c   Code   RO          498    .text               usart.o
    0x0800327c   0x00000040   Code   RO          534    .text               startup_stm32f10x_hd.o
    0x080032bc   0x000000dc   Code   RO          538    .text               misc.o
    0x08003398   0x0000035c   Code   RO          550    .text               stm32f10x_gpio.o
    0x080036f4   0x00000408   Code   RO          562    .text               stm32f10x_usart.o
    0x08003afc   0x000003a4   Code   RO          574    .text               stm32f10x_rcc.o
    0x08003ea0   0x0000044e   Code   RO          588    .text               stm32f10x_adc.o
    0x080042ee   0x00000002   PAD
    0x080042f0   0x000000c4   Code   RO          600    .text               stm32f10x_bkp.o
    0x080043b4   0x00000254   Code   RO          687    .text               stm32f10x_dma.o
    0x08004608   0x0000011c   Code   RO          699    .text               stm32f10x_exti.o
    0x08004724   0x000000cc   Code   RO          768    .text               stm32f10x_pwr.o
    0x080047f0   0x00000148   Code   RO          780    .text               stm32f10x_rtc.o
    0x08004938   0x00000e1a   Code   RO          819    .text               stm32f10x_tim.o
    0x08005752   0x00000002   PAD
    0x08005754   0x00000084   Code   RO          846    .text               bsp.o
    0x080057d8   0x000002a8   Code   RO          861    .text               cpu_core.o
    0x08005a80   0x00000034   Code   RO          899    .text               cpu_a.o
    0x08005ab4   0x00000256   Code   RO          902    .text               lib_ascii.o
    0x08005d0a   0x00000002   PAD
    0x08005d0c   0x000009c6   Code   RO          935    .text               lib_mem.o
    0x080066d2   0x00000002   PAD
    0x080066d4   0x0000092c   Code   RO          954    .text               lib_str.o
    0x08007000   0x00000220   Code   RO          971    .text               lib_mem_a.o
    0x08007220   0x000000fc   Code   RO          974    .text               os_cfg_app.o
    0x0800731c   0x00000e04   Code   RO          997    .text               os_core.o
    0x08008120   0x000001b0   Code   RO         1009    .text               os_dbg.o
    0x080082d0   0x00000e28   Code   RO         1024    .text               os_flag.o
    0x080090f8   0x00000444   Code   RO         1036    .text               os_int.o
    0x0800953c   0x00000238   Code   RO         1048    .text               os_mem.o
    0x08009774   0x0000022c   Code   RO         1060    .text               os_msg.o
    0x080099a0   0x00000ad4   Code   RO         1072    .text               os_mutex.o
    0x0800a474   0x0000007c   Code   RO         1090    .text               os_prio.o
    0x0800a4f0   0x000008d8   Code   RO         1109    .text               os_q.o
    0x0800adc8   0x00000830   Code   RO         1121    .text               os_sem.o
    0x0800b5f8   0x00000638   Code   RO         1133    .text               os_stat.o
    0x0800bc30   0x00001bb4   Code   RO         1145    .text               os_task.o
    0x0800d7e4   0x000004fc   Code   RO         1157    .text               os_tick.o
    0x0800dce0   0x00000564   Code   RO         1169    .text               os_time.o
    0x0800e244   0x00000818   Code   RO         1181    .text               os_tmr.o
    0x0800ea5c   0x0000026c   Code   RO         1210    .text               os_cpu_c.o
    0x0800ecc8   0x00000750   Code   RO         1243    .text               lora_app.o
    0x0800f418   0x00000002   Code   RO         1353    .text               c_w.l(use_no_semi_2.o)
    0x0800f41a   0x000000ee   Code   RO         1423    .text               c_w.l(lludivv7m.o)
    0x0800f508   0x0000000c   Code   RO         1427    .text               c_w.l(vprintf.o)
    0x0800f514   0x00000024   Code   RO         1429    .text               c_w.l(vsprintf.o)
    0x0800f538   0x00000018   Code   RO         1431    .text               c_w.l(__2printf.o)
    0x0800f550   0x0000002c   Code   RO         1433    .text               c_w.l(__2sprintf.o)
    0x0800f57c   0x0000004e   Code   RO         1441    .text               c_w.l(_printf_pad.o)
    0x0800f5ca   0x00000052   Code   RO         1443    .text               c_w.l(_printf_str.o)
    0x0800f61c   0x00000078   Code   RO         1445    .text               c_w.l(_printf_dec.o)
    0x0800f694   0x00000094   Code   RO         1465    .text               c_w.l(_printf_hex_int_ll_ptr.o)
    0x0800f728   0x00000188   Code   RO         1485    .text               c_w.l(__printf_flags_ss_wp.o)
    0x0800f8b0   0x0000001a   Code   RO         1497    .text               c_w.l(atoi.o)
    0x0800f8ca   0x00000024   Code   RO         1499    .text               c_w.l(strstr.o)
    0x0800f8ee   0x00000048   Code   RO         1501    .text               c_w.l(strcpy.o)
    0x0800f936   0x0000003e   Code   RO         1503    .text               c_w.l(strlen.o)
    0x0800f974   0x00000044   Code   RO         1511    .text               c_w.l(rt_memclr.o)
    0x0800f9b8   0x0000004e   Code   RO         1513    .text               c_w.l(rt_memclr_w.o)
    0x0800fa06   0x00000056   Code   RO         1515    .text               c_w.l(strncpy.o)
    0x0800fa5c   0x00000080   Code   RO         1517    .text               c_w.l(strcmpv7m.o)
    0x0800fadc   0x00000006   Code   RO         1519    .text               c_w.l(heapauxi.o)
    0x0800fae2   0x00000002   Code   RO         1565    .text               c_w.l(use_no_semi.o)
    0x0800fae4   0x00000010   Code   RO         1570    .text               c_w.l(rt_ctype_table.o)
    0x0800faf4   0x00000008   Code   RO         1584    .text               c_w.l(rt_errno_addr_intlibspace.o)
    0x0800fafc   0x00000024   Code   RO         1606    .text               c_w.l(_printf_truncate.o)
    0x0800fb20   0x000000b2   Code   RO         1608    .text               c_w.l(_printf_intcommon.o)
    0x0800fbd2   0x00000028   Code   RO         1610    .text               c_w.l(_printf_charcount.o)
    0x0800fbfa   0x0000041a   Code   RO         1612    .text               c_w.l(_printf_fp_dec.o)
    0x08010014   0x00000030   Code   RO         1614    .text               c_w.l(_printf_char_common.o)
    0x08010044   0x0000000a   Code   RO         1616    .text               c_w.l(_sputc.o)
    0x0801004e   0x0000002c   Code   RO         1618    .text               c_w.l(_printf_char.o)
    0x0801007a   0x00000002   PAD
    0x0801007c   0x00000024   Code   RO         1620    .text               c_w.l(_printf_char_file.o)
    0x080100a0   0x000000bc   Code   RO         1622    .text               c_w.l(_printf_wctomb.o)
    0x0801015c   0x0000007c   Code   RO         1625    .text               c_w.l(_printf_longlong_dec.o)
    0x080101d8   0x00000070   Code   RO         1631    .text               c_w.l(_printf_oct_int_ll.o)
    0x08010248   0x00000070   Code   RO         1658    .text               c_w.l(strtol.o)
    0x080102b8   0x00000008   Code   RO         1726    .text               c_w.l(libspace.o)
    0x080102c0   0x00000008   Code   RO         1749    .text               c_w.l(rt_locale_intlibspace.o)
    0x080102c8   0x0000008a   Code   RO         1759    .text               c_w.l(lludiv10.o)
    0x08010352   0x00000002   PAD
    0x08010354   0x000002fc   Code   RO         1763    .text               c_w.l(_printf_fp_hex.o)
    0x08010650   0x00000080   Code   RO         1766    .text               c_w.l(_printf_fp_infnan.o)
    0x080106d0   0x0000002c   Code   RO         1770    .text               c_w.l(_printf_wchar.o)
    0x080106fc   0x0000009e   Code   RO         1774    .text               c_w.l(_strtoul.o)
    0x0801079a   0x00000002   PAD
    0x0801079c   0x000000dc   Code   RO         1776    .text               c_w.l(bigflt0.o)
    0x08010878   0x00000008   Code   RO         1801    .text               c_w.l(ferror.o)
    0x08010880   0x00000040   Code   RO         1805    .text               c_w.l(_wcrtomb.o)
    0x080108c0   0x0000004a   Code   RO         1844    .text               c_w.l(sys_stackheap_outer.o)
    0x0801090a   0x0000001c   Code   RO         1852    .text               c_w.l(_chval.o)
    0x08010926   0x0000000c   Code   RO         1858    .text               c_w.l(exit.o)
    0x08010932   0x0000003e   Code   RO         1779    CL$$btod_d2e        c_w.l(btod.o)
    0x08010970   0x00000046   Code   RO         1781    CL$$btod_d2e_denorm_low  c_w.l(btod.o)
    0x080109b6   0x00000060   Code   RO         1780    CL$$btod_d2e_norm_op1  c_w.l(btod.o)
    0x08010a16   0x00000338   Code   RO         1789    CL$$btod_div_common  c_w.l(btod.o)
    0x08010d4e   0x000000c6   Code   RO         1786    CL$$btod_e2e        c_w.l(btod.o)
    0x08010e14   0x00000028   Code   RO         1783    CL$$btod_ediv       c_w.l(btod.o)
    0x08010e3c   0x00000028   Code   RO         1782    CL$$btod_emul       c_w.l(btod.o)
    0x08010e64   0x00000244   Code   RO         1788    CL$$btod_mult_common  c_w.l(btod.o)
    0x080110a8   0x00000098   Code   RO         1207    CODE                os_cpu_a.o
    0x08011140   0x00000028   Code   RO         1835    i.__ARM_fpclassify  m_ws.l(fpclassify.o)
    0x08011168   0x0000000e   Code   RO         1478    i._is_digit         c_w.l(__printf_wp.o)
    0x08011176   0x00000002   PAD
    0x08011178   0x0000002c   Code   RO         1808    locale$$code        c_w.l(lc_ctype_c.o)
    0x080111a4   0x0000002c   Code   RO         1811    locale$$code        c_w.l(lc_numeric_c.o)
    0x080111d0   0x00000150   Code   RO         1523    x$fpl$dadd          fz_ws.l(daddsub_clz.o)
    0x08011320   0x000002b0   Code   RO         1530    x$fpl$ddiv          fz_ws.l(ddiv.o)
    0x080115d0   0x0000005e   Code   RO         1533    x$fpl$dfix          fz_ws.l(dfix.o)
    0x0801162e   0x0000002e   Code   RO         1538    x$fpl$dflt          fz_ws.l(dflt_clz.o)
    0x0801165c   0x00000154   Code   RO         1545    x$fpl$dmul          fz_ws.l(dmul.o)
    0x080117b0   0x0000009c   Code   RO         1709    x$fpl$dnaninf       fz_ws.l(dnaninf.o)
    0x0801184c   0x0000000c   Code   RO         1711    x$fpl$dretinf       fz_ws.l(dretinf.o)
    0x08011858   0x000001d4   Code   RO         1525    x$fpl$dsub          fz_ws.l(daddsub_clz.o)
    0x08011a2c   0x00000056   Code   RO         1549    x$fpl$f2d           fz_ws.l(f2d.o)
    0x08011a82   0x00000002   PAD
    0x08011a84   0x000000c4   Code   RO         1551    x$fpl$fadd          fz_ws.l(faddsub_clz.o)
    0x08011b48   0x0000008c   Code   RO         1713    x$fpl$fnaninf       fz_ws.l(fnaninf.o)
    0x08011bd4   0x0000000a   Code   RO         1715    x$fpl$fretinf       fz_ws.l(fretinf.o)
    0x08011bde   0x00000002   PAD
    0x08011be0   0x000000ea   Code   RO         1553    x$fpl$fsub          fz_ws.l(faddsub_clz.o)
    0x08011cca   0x00000004   Code   RO         1557    x$fpl$printf1       fz_ws.l(printf1.o)
    0x08011cce   0x00000004   Code   RO         1717    x$fpl$printf2       fz_ws.l(printf2.o)
    0x08011cd2   0x00000000   Code   RO         1723    x$fpl$usenofp       fz_ws.l(usenofp.o)
    0x08011cd2   0x00000cd8   Data   RO          363    .constdata          oled.o
    0x080129aa   0x00000018   Data   RO          434    .constdata          rtc.o
    0x080129c2   0x00000002   PAD
    0x080129c4   0x00000104   Data   RO          863    .constdata          cpu_core.o
    0x08012ac8   0x00000094   Data   RO          955    .constdata          lib_str.o
    0x08012b5c   0x000000a4   Data   RO          976    .constdata          os_cfg_app.o
    0x08012c00   0x0000016c   Data   RO         1010    .constdata          os_dbg.o
    0x08012d6c   0x00000028   Data   RO         1466    .constdata          c_w.l(_printf_hex_int_ll_ptr.o)
    0x08012d94   0x00000011   Data   RO         1486    .constdata          c_w.l(__printf_flags_ss_wp.o)
    0x08012da5   0x00000003   PAD
    0x08012da8   0x00000008   Data   RO         1623    .constdata          c_w.l(_printf_wctomb.o)
    0x08012db0   0x00000026   Data   RO         1764    .constdata          c_w.l(_printf_fp_hex.o)
    0x08012dd6   0x00000002   PAD
    0x08012dd8   0x00000094   Data   RO         1777    .constdata          c_w.l(bigflt0.o)
    0x08012e6c   0x00000020   Data   RO         1978    Region$$Table       anon$$obj.o
    0x08012e8c   0x00000110   Data   RO         1807    locale$$data        c_w.l(lc_ctype_c.o)
    0x08012f9c   0x0000001c   Data   RO         1810    locale$$data        c_w.l(lc_numeric_c.o)


    Execution Region RW_IRAM1 (Base: 0x20000000, Size: 0x00008a68, Max: 0x00010000, ABSOLUTE, COMPRESSED[0x0000002c])

    Base Addr    Size         Type   Attr      Idx    E Section Name        Object

    0x20000000   0x0000000c   Data   RW            3    .data               main.o
    0x2000000c   0x00000014   Data   RW          240    .data               system_stm32f10x.o
    0x20000020   0x00000002   Data   RW          275    .data               usart2.o
    0x20000022   0x00000002   PAD
    0x20000024   0x00000008   Data   RW          298    .data               usart3.o
    0x2000002c   0x00000002   Data   RW          320    .data               uart4.o
    0x2000002e   0x00000004   Data   RW          364    .data               oled.o
    0x20000032   0x00000001   Data   RW          413    .data               key.o
    0x20000033   0x00000001   PAD
    0x20000034   0x00000002   Data   RW          435    .data               rtc.o
    0x20000036   0x00000002   Data   RW          453    .data               mq135.o
    0x20000038   0x00000004   Data   RW          468    .data               delay.o
    0x2000003c   0x00000006   Data   RW          500    .data               usart.o
    0x20000042   0x00000014   Data   RW          575    .data               stm32f10x_rcc.o
    0x20000056   0x00000002   PAD
    0x20000058   0x00000004   Data   RW          864    .data               cpu_core.o
    0x2000005c   0x00000004   Data   RW          937    .data               lib_mem.o
    0x20000060   0x00000008   Data   RW         1091    .data               os_prio.o
    0x20000068   0x000000c8   Data   RW         1194    .data               os_var.o
    0x20000130   0x00000004   Data   RW         1211    .data               os_cpu_c.o
    0x20000134   0x0000001a   Data   RW         1245    .data               lora_app.o
    0x2000014e   0x00000002   PAD
    0x20000150   0x000045f8   Zero   RW            2    .bss                main.o
    0x20004748   0x000004b0   Zero   RW          274    .bss                usart2.o
    0x20004bf8   0x00000668   Zero   RW          297    .bss                usart3.o
    0x20005260   0x000004b0   Zero   RW          319    .bss                uart4.o
    0x20005710   0x0000000a   Zero   RW          433    .bss                rtc.o
    0x2000571a   0x000000c8   Zero   RW          499    .bss                usart.o
    0x200057e2   0x00000010   Zero   RW          862    .bss                cpu_core.o
    0x200057f2   0x00000002   PAD
    0x200057f4   0x00000448   Zero   RW          936    .bss                lib_mem.o
    0x20005c3c   0x00001490   Zero   RW          975    .bss                os_cfg_app.o
    0x200070cc   0x000006e0   Zero   RW         1193    .bss                os_var.o
    0x200077ac   0x0000005a   Zero   RW         1244    .bss                lora_app.o
    0x20007806   0x00000002   PAD
    0x20007808   0x00000060   Zero   RW         1727    .bss                c_w.l(libspace.o)
    0x20007868   0x00000600   Zero   RW          532    HEAP                startup_stm32f10x_hd.o
    0x20007e68   0x00000c00   Zero   RW          531    STACK               startup_stm32f10x_hd.o



  Load Region LR$$.ARM.__AT_0x68000000 (Base: 0x68000000, Size: 0x00000000, Max: 0x000f0000, ABSOLUTE)

    Execution Region ER$$.ARM.__AT_0x68000000 (Base: 0x68000000, Size: 0x000f0000, Max: 0x000f0000, ABSOLUTE, UNINIT)

    Base Addr    Size         Type   Attr      Idx    E Section Name        Object

    0x68000000   0x000f0000   Zero   RW         1330    .ARM.__AT_0x68000000  malloc.o



  Load Region LR$$.ARM.__AT_0x680F0000 (Base: 0x680f0000, Size: 0x00000000, Max: 0x0000f000, ABSOLUTE)

    Execution Region ER$$.ARM.__AT_0x680F0000 (Base: 0x680f0000, Size: 0x0000f000, Max: 0x0000f000, ABSOLUTE, UNINIT)

    Base Addr    Size         Type   Attr      Idx    E Section Name        Object

    0x680f0000   0x0000f000   Zero   RW         1331    .ARM.__AT_0x680F0000  malloc.o


==============================================================================

Image component sizes


      Code (inc. data)   RO Data    RW Data    ZI Data      Debug   Object Name

        56          6          0          0          0        516   beep.o
       132         12          0          0          0       1167   bsp.o
        52          0          0          0          0        360   cpu_a.o
       680         14        260          4         16      14423   cpu_core.o
       332         28          0          4          0       1841   delay.o
       764         14          0          0          0       2821   dht11.o
       672         74          0          1          0       2099   key.o
        76          8          0          0          0        519   led.o
       598          0          0          0          0       3724   lib_ascii.o
      2502         32          0          4       1096      21868   lib_mem.o
       544          0          0          0          0        508   lib_mem_a.o
      2348          6        148          0          0      13154   lib_str.o
      1872        526          0         26         90       4296   lora_app.o
      4410       1316          0         12      17912     341690   main.o
         0          0          0          0    1044480       1645   malloc.o
       220         22          0          0          0       1881   misc.o
       272         18          0          2          0       1356   mq135.o
      1904         34       3288          4          0       6965   oled.o
       252        166        164          0       5264      21026   os_cfg_app.o
      3588        294          0          0          0      12089   os_core.o
       152         32          0          0          0        416   os_cpu_a.o
       620         66          0          4          0       3877   os_cpu_c.o
       432        286        364          0          0       4845   os_dbg.o
      3624        110          0          0          0       7755   os_flag.o
      1092        146          0          0          0       2332   os_int.o
       568         20          0          0          0       2728   os_mem.o
       556         12          0          0          0       2787   os_msg.o
      2772        114          0          0          0       5446   os_mutex.o
       124          4          0          8          0       1840   os_prio.o
      2264         76          0          0          0       6128   os_q.o
      2096         70          0          0          0       6144   os_sem.o
      1592        180          0          0          0       2829   os_stat.o
      7092        270          0          0          0      13506   os_task.o
      1276         90          0          0          0       3289   os_tick.o
      1380         46          0          0          0       3225   os_time.o
      2072        140          0          0          0       6326   os_tmr.o
         0          0          0        200       1760      19421   os_var.o
      1236         74         24          2         10       4422   rtc.o
        64         26        304          0       4608        816   startup_stm32f10x_hd.o
      1102         26          0          0          0      10917   stm32f10x_adc.o
       196          8          0          0          0       3548   stm32f10x_bkp.o
       596          8          0          0          0       4414   stm32f10x_dma.o
       284         10          0          0          0       2319   stm32f10x_exti.o
       860         38          0          0          0       5733   stm32f10x_gpio.o
        22          0          0          0          0       1027   stm32f10x_it.o
       204         14          0          0          0       1955   stm32f10x_pwr.o
       932         36          0         20          0       8940   stm32f10x_rcc.o
       328          4          0          0          0       2710   stm32f10x_rtc.o
      3610         88          0          0          0      22216   stm32f10x_tim.o
      1032         22          0          0          0       8452   stm32f10x_usart.o
         0          0          0          0          0         32   sys.o
       480         38          0         20          0       1823   system_stm32f10x.o
       176          8          0          0          0        964   timer.o
       396         22          0          2       1200       2205   uart4.o
       332         16          0          6        200       3234   usart.o
       480         68          0          2       1200       2182   usart2.o
       620         46          0          8       1640       2779   usart3.o

    ----------------------------------------------------------------------
     61944       4784       4586        336    1079480     637530   Object Totals
         0          0         32          0          0          0   (incl. Generated)
         8          0          2          7          4          0   (incl. Padding)

    ----------------------------------------------------------------------

      Code (inc. data)   RO Data    RW Data    ZI Data      Debug   Library Member Name

        24          4          0          0          0         84   __2printf.o
        44          6          0          0          0         84   __2sprintf.o
        90          0          0          0          0          0   __dczerorl2.o
         8          0          0          0          0         68   __main.o
       392          4         17          0          0         92   __printf_flags_ss_wp.o
        14          0          0          0          0         68   __printf_wp.o
         0          0          0          0          0          0   __rtentry.o
        12          0          0          0          0          0   __rtentry2.o
         6          0          0          0          0          0   __rtentry4.o
        52          8          0          0          0          0   __scatter.o
        28          0          0          0          0          0   __scatter_zi.o
        28          0          0          0          0         68   _chval.o
         6          0          0          0          0          0   _printf_a.o
         6          0          0          0          0          0   _printf_c.o
        44          0          0          0          0        108   _printf_char.o
        48          6          0          0          0         96   _printf_char_common.o
        36          4          0          0          0         80   _printf_char_file.o
        40          0          0          0          0         68   _printf_charcount.o
         6          0          0          0          0          0   _printf_d.o
       120         16          0          0          0         92   _printf_dec.o
         6          0          0          0          0          0   _printf_e.o
         6          0          0          0          0          0   _printf_f.o
      1050          0          0          0          0        216   _printf_fp_dec.o
       764         10         38          0          0        100   _printf_fp_hex.o
       128         16          0          0          0         84   _printf_fp_infnan.o
         6          0          0          0          0          0   _printf_g.o
       148          4         40          0          0        160   _printf_hex_int_ll_ptr.o
         6          0          0          0          0          0   _printf_i.o
       178          0          0          0          0         88   _printf_intcommon.o
        10          0          0          0          0          0   _printf_l.o
         6          0          0          0          0          0   _printf_lc.o
        10          0          0          0          0          0   _printf_ll.o
         6          0          0          0          0          0   _printf_lld.o
         6          0          0          0          0          0   _printf_lli.o
         6          0          0          0          0          0   _printf_llo.o
         6          0          0          0          0          0   _printf_llu.o
         6          0          0          0          0          0   _printf_llx.o
       124         16          0          0          0         92   _printf_longlong_dec.o
         6          0          0          0          0          0   _printf_ls.o
         6          0          0          0          0          0   _printf_n.o
         6          0          0          0          0          0   _printf_o.o
       112          8          0          0          0        124   _printf_oct_int_ll.o
         6          0          0          0          0          0   _printf_p.o
        78          0          0          0          0        108   _printf_pad.o
         0          0          0          0          0          0   _printf_percent.o
         4          0          0          0          0          0   _printf_percent_end.o
         6          0          0          0          0          0   _printf_s.o
        82          0          0          0          0         80   _printf_str.o
        36          0          0          0          0         84   _printf_truncate.o
         6          0          0          0          0          0   _printf_u.o
        44          0          0          0          0        108   _printf_wchar.o
       188          6          8          0          0         92   _printf_wctomb.o
         6          0          0          0          0          0   _printf_x.o
        10          0          0          0          0         68   _sputc.o
       158          0          0          0          0         92   _strtoul.o
        64          0          0          0          0         92   _wcrtomb.o
        26          0          0          0          0         80   atoi.o
       220          4        148          0          0         96   bigflt0.o
      1910        128          0          0          0        672   btod.o
        12          0          0          0          0         72   exit.o
         8          0          0          0          0         68   ferror.o
         6          0          0          0          0        152   heapauxi.o
        44         10        272          0          0         76   lc_ctype_c.o
        44         10         28          0          0         76   lc_numeric_c.o
         2          0          0          0          0          0   libinit.o
        30          0          0          0          0          0   libinit2.o
         2          0          0          0          0          0   libshutdown.o
         2          0          0          0          0          0   libshutdown2.o
         8          4          0          0         96         68   libspace.o
       138          0          0          0          0         80   lludiv10.o
       238          0          0          0          0        100   lludivv7m.o
        16          4          0          0          0         76   rt_ctype_table.o
         8          4          0          0          0         68   rt_errno_addr_intlibspace.o
         8          4          0          0          0         68   rt_locale_intlibspace.o
        68          0          0          0          0         68   rt_memclr.o
        78          0          0          0          0         80   rt_memclr_w.o
         2          0          0          0          0          0   rtexit.o
        10          0          0          0          0          0   rtexit2.o
       128          0          0          0          0         68   strcmpv7m.o
        72          0          0          0          0         80   strcpy.o
        62          0          0          0          0         76   strlen.o
        86          0          0          0          0         76   strncpy.o
        36          0          0          0          0         80   strstr.o
       112          0          0          0          0         88   strtol.o
        74          0          0          0          0         80   sys_stackheap_outer.o
         2          0          0          0          0         68   use_no_semi.o
         2          0          0          0          0         68   use_no_semi_2.o
        12          4          0          0          0         68   vprintf.o
        36          4          0          0          0         76   vsprintf.o
       804         16          0          0          0        272   daddsub_clz.o
       688        140          0          0          0        208   ddiv.o
        94          4          0          0          0         92   dfix.o
        46          0          0          0          0         68   dflt_clz.o
       340         12          0          0          0        104   dmul.o
       156          4          0          0          0         92   dnaninf.o
        12          0          0          0          0         68   dretinf.o
        86          4          0          0          0         84   f2d.o
       430          8          0          0          0        168   faddsub_clz.o
       140          4          0          0          0         84   fnaninf.o
        10          0          0          0          0         68   fretinf.o
         4          0          0          0          0         68   printf1.o
         4          0          0          0          0         68   printf2.o
         0          0          0          0          0          0   usenofp.o
        40          0          0          0          0         68   fpclassify.o

    ----------------------------------------------------------------------
     10666        476        556          0         96       6736   Library Totals
        16          0          5          0          0          0   (incl. Padding)

    ----------------------------------------------------------------------

      Code (inc. data)   RO Data    RW Data    ZI Data      Debug   Library Name

      7796        284        551          0         96       5224   c_w.l
      2814        192          0          0          0       1444   fz_ws.l
        40          0          0          0          0         68   m_ws.l

    ----------------------------------------------------------------------
     10666        476        556          0         96       6736   Library Totals

    ----------------------------------------------------------------------

==============================================================================


      Code (inc. data)   RO Data    RW Data    ZI Data      Debug   

     72610       5260       5142        336    1079576     635422   Grand Totals
     72610       5260       5142         44    1079576     635422   ELF Image Totals (compressed)
     72610       5260       5142         44          0          0   ROM Totals

==============================================================================

    Total RO  Size (Code + RO Data)                77752 (  75.93kB)
    Total RW  Size (RW Data + ZI Data)           1079912 (1054.60kB)
    Total ROM Size (Code + RO Data + RW Data)      77796 (  75.97kB)

==============================================================================

