Component: ARM Compiler 5.05 update 1 (build 106) Tool: armlink [4d0efa]

==============================================================================

Section Cross References

    main.o(.text) refers to _printf_percent.o(.ARM.Collect$$_printf_percent$$00000000) for _printf_percent
    main.o(.text) refers to _printf_d.o(.ARM.Collect$$_printf_percent$$00000009) for _printf_d
    main.o(.text) refers to _printf_dec.o(.text) for _printf_int_dec
    main.o(.text) refers to _printf_s.o(.ARM.Collect$$_printf_percent$$00000014) for _printf_s
    main.o(.text) refers to _printf_str.o(.text) for _printf_str
    main.o(.text) refers to _printf_pad.o(.text) for _printf_pre_padding
    main.o(.text) refers to _printf_f.o(.ARM.Collect$$_printf_percent$$00000003) for _printf_f
    main.o(.text) refers to printf1.o(x$fpl$printf1) for _printf_fp_dec
    main.o(.text) refers to __2sprintf.o(.text) for __2sprintf
    main.o(.text) refers to strcpy.o(.text) for strcpy
    main.o(.text) refers to os_mutex.o(.text) for OSMutexPend
    main.o(.text) refers to vprintf.o(.text) for vprintf
    main.o(.text) refers to oled.o(.text) for OLED_ShowString
    main.o(.text) refers to faddsub_clz.o(x$fpl$fadd) for __aeabi_fadd
    main.o(.text) refers to f2d.o(x$fpl$f2d) for __aeabi_f2d
    main.o(.text) refers to delay.o(.text) for delay_ms
    main.o(.text) refers to os_flag.o(.text) for OSFlagPend
    main.o(.text) refers to stm32f10x_gpio.o(.text) for GPIO_ReadInputDataBit
    main.o(.text) refers to stm32f10x_exti.o(.text) for EXTI_ClearITPendingBit
    main.o(.text) refers to atoi.o(.text) for atoi
    main.o(.text) refers to os_time.o(.text) for OSTimeDlyHMSM
    main.o(.text) refers to rt_memclr_w.o(.text) for __aeabi_memclr4
    main.o(.text) refers to main.o(.bss) for node_1
    main.o(.text) refers to main.o(.data) for float_num
    main.o(.text) refers to lora_app.o(.bss) for My_LoRa_CFG
    main.o(.text) refers to rtc.o(.bss) for calendar
    main.o(.text) refers to stm32f10x_usart.o(.text) for USART_SendData
    main.o(.text) refers to __2printf.o(.text) for __2printf
    main.o(.text) refers to dflt_clz.o(x$fpl$dflt) for __aeabi_i2d
    main.o(.text) refers to dmul.o(x$fpl$dmul) for __aeabi_dmul
    main.o(.text) refers to d2f.o(x$fpl$d2f) for __aeabi_d2f
    main.o(.text) refers to daddsub_clz.o(x$fpl$dsub) for __aeabi_dsub
    main.o(.text) refers to ddiv.o(x$fpl$ddiv) for __aeabi_ddiv
    main.o(.text) refers to os_q.o(.text) for OSQPend
    main.o(.text) refers to dht11.o(.text) for DHT11_Read_Data
    main.o(.text) refers to cpu_core.o(.text) for CPU_Init
    main.o(.text) refers to os_stat.o(.text) for OSStatTaskCPUUsageInit
    main.o(.text) refers to os_core.o(.text) for OSSchedRoundRobinCfg
    main.o(.text) refers to cpu_a.o(.text) for CPU_SR_Save
    main.o(.text) refers to os_sem.o(.text) for OSSemCreate
    main.o(.text) refers to mq135.o(.data) for MQ135_ADC_ConvertedValue
    main.o(.text) refers to usart2.o(.data) for USART2_RX_STA
    main.o(.text) refers to usart2.o(.bss) for USART2_RX_BUF
    main.o(.text) refers to os_var.o(.data) for OSSchedLockNestingCtr
    main.o(.text) refers to os_task.o(.text) for OSTaskCreate
    main.o(.text) refers to misc.o(.text) for NVIC_PriorityGroupConfig
    main.o(.text) refers to usart.o(.text) for uart_init
    main.o(.text) refers to usart2.o(.text) for usart2_init
    main.o(.text) refers to uart4.o(.text) for uart4_init
    main.o(.text) refers to lora_app.o(.text) for LoRa_Init
    main.o(.text) refers to led.o(.text) for LED_Init
    main.o(.text) refers to key.o(.text) for KEY_Init
    main.o(.text) refers to beep.o(.text) for BEEP_Init
    main.o(.text) refers to lora_app.o(.data) for Lora_mode
    main.o(.text) refers to mq135.o(.text) for mq135_init
    main.o(.text) refers to rtc.o(.text) for RTC_Init
    main.o(.data) refers to main.o(.bss) for node_1
    system_stm32f10x.o(.text) refers to system_stm32f10x.o(.data) for SystemCoreClock
    led.o(.text) refers to stm32f10x_rcc.o(.text) for RCC_APB2PeriphClockCmd
    led.o(.text) refers to stm32f10x_gpio.o(.text) for GPIO_Init
    usart2.o(.text) refers to stm32f10x_rcc.o(.text) for RCC_APB2PeriphClockCmd
    usart2.o(.text) refers to stm32f10x_gpio.o(.text) for GPIO_Init
    usart2.o(.text) refers to misc.o(.text) for NVIC_Init
    usart2.o(.text) refers to stm32f10x_usart.o(.text) for USART_Init
    usart2.o(.text) refers to os_core.o(.text) for OSIntEnter
    usart2.o(.text) refers to os_q.o(.text) for OSQPost
    usart2.o(.text) refers to main.o(.text) for dgb_printf_safe
    usart2.o(.text) refers to vsprintf.o(.text) for vsprintf
    usart2.o(.text) refers to strlen.o(.text) for strlen
    usart2.o(.text) refers to usart2.o(.data) for USART2_RX_STA
    usart2.o(.text) refers to usart2.o(.bss) for USART2_RX_BUF
    usart2.o(.text) refers to main.o(.bss) for g_queue_usart2
    usart3.o(.text) refers to os_core.o(.text) for OSIntEnter
[...]
    OS_RdyListRemove                         0x08007c0b   Thumb Code    86  os_core.o(.text)
    OS_TaskBlock                             0x08007c61   Thumb Code    56  os_core.o(.text)
    OS_Pend                                  0x08007c99   Thumb Code    98  os_core.o(.text)
    OS_PendListRemove1                       0x08007cfb   Thumb Code   134  os_core.o(.text)
    OS_PendListRemove                        0x08007d81   Thumb Code    48  os_core.o(.text)
    OS_PendAbort1                            0x08007db1   Thumb Code    36  os_core.o(.text)
    OS_RdyListInsertHead                     0x08007dd5   Thumb Code    58  os_core.o(.text)
    OS_RdyListInsertTail                     0x08007e0f   Thumb Code    56  os_core.o(.text)
    OS_RdyListInsert                         0x08007e47   Thumb Code    40  os_core.o(.text)
    OS_TaskRdy                               0x08007e6f   Thumb Code    28  os_core.o(.text)
    OS_PendAbort                             0x08007e8b   Thumb Code   166  os_core.o(.text)
    OS_PendDbgNameRemove                     0x08007f31   Thumb Code    34  os_core.o(.text)
    OS_PendListChangePrio                    0x08007f53   Thumb Code    70  os_core.o(.text)
    OS_PendListInit                          0x08007f99   Thumb Code    10  os_core.o(.text)
    OS_PendListInsertHead                    0x08007fa3   Thumb Code    32  os_core.o(.text)
    OS_PendObjDel1                           0x08007fc3   Thumb Code    36  os_core.o(.text)
    OS_PendObjDel                            0x08007fe7   Thumb Code   162  os_core.o(.text)
    OS_Post1                                 0x08008089   Thumb Code    42  os_core.o(.text)
    OS_Post                                  0x080080b3   Thumb Code   192  os_core.o(.text)
    OS_Sched0                                0x08008173   Thumb Code   102  os_core.o(.text)
    OS_SchedRoundRobin                       0x080081d9   Thumb Code   190  os_core.o(.text)
    OS_Dbg_Init                              0x080082a9   Thumb Code   146  os_dbg.o(.text)
    OS_FlagDbgListAdd                        0x08008459   Thumb Code    38  os_flag.o(.text)
    OSFlagCreate                             0x0800847f   Thumb Code   172  os_flag.o(.text)
    OS_FlagClr                               0x0800852b   Thumb Code    28  os_flag.o(.text)
    OS_FlagDbgListRemove                     0x08008547   Thumb Code    44  os_flag.o(.text)
    OSFlagDel                                0x08008573   Thumb Code   594  os_flag.o(.text)
    OS_FlagBlock                             0x080087c5   Thumb Code    58  os_flag.o(.text)
    OSFlagPend                               0x080087ff   Thumb Code  1488  os_flag.o(.text)
    OSFlagPendAbort                          0x08008dcf   Thumb Code   292  os_flag.o(.text)
    OSFlagPendGetFlagsRdy                    0x08008ef3   Thumb Code    68  os_flag.o(.text)
    OS_FlagTaskRdy                           0x08008f37   Thumb Code    86  os_flag.o(.text)
    OS_FlagPost                              0x08008f8d   Thumb Code   570  os_flag.o(.text)
    OSFlagPost                               0x080091c7   Thumb Code   146  os_flag.o(.text)
    OS_FlagInit                              0x08009259   Thumb Code    14  os_flag.o(.text)
    OS_IntQPost                              0x08009281   Thumb Code   216  os_int.o(.text)
    OS_IntQRePost                            0x08009359   Thumb Code   360  os_int.o(.text)
    OS_IntQTask                              0x080094c1   Thumb Code   162  os_int.o(.text)
    OS_IntQTaskInit                          0x08009563   Thumb Code   208  os_int.o(.text)
    OS_MemDbgListAdd                         0x080096c5   Thumb Code    34  os_mem.o(.text)
    OSMemCreate                              0x080096e7   Thumb Code   288  os_mem.o(.text)
    OSMemGet                                 0x08009807   Thumb Code   100  os_mem.o(.text)
    OSMemPut                                 0x0800986b   Thumb Code   112  os_mem.o(.text)
    OS_MemInit                               0x080098db   Thumb Code    14  os_mem.o(.text)
    OS_MsgPoolCreate                         0x080098fd   Thumb Code    54  os_msg.o(.text)
    OS_MsgPoolInit                           0x08009933   Thumb Code    70  os_msg.o(.text)
    OS_MsgQFreeAll                           0x08009979   Thumb Code    62  os_msg.o(.text)
    OS_MsgQInit                              0x080099b7   Thumb Code    14  os_msg.o(.text)
    OS_MsgQGet                               0x080099c5   Thumb Code    98  os_msg.o(.text)
    OS_MsgQPut                               0x08009a27   Thumb Code   246  os_msg.o(.text)
    OS_MutexDbgListAdd                       0x08009b29   Thumb Code    38  os_mutex.o(.text)
    OSMutexCreate                            0x08009b4f   Thumb Code   178  os_mutex.o(.text)
    OS_MutexClr                              0x08009c01   Thumb Code    38  os_mutex.o(.text)
    OS_MutexDbgListRemove                    0x08009c27   Thumb Code    44  os_mutex.o(.text)
    OSMutexDel                               0x08009c53   Thumb Code   842  os_mutex.o(.text)
    OSMutexPend                              0x08009f9d   Thumb Code   706  os_mutex.o(.text)
    OSMutexPendAbort                         0x0800a25f   Thumb Code   314  os_mutex.o(.text)
    OSMutexPost                              0x0800a399   Thumb Code   564  os_mutex.o(.text)
    OS_MutexInit                             0x0800a5cd   Thumb Code    14  os_mutex.o(.text)
    OS_PrioInit                              0x0800a5fd   Thumb Code    20  os_prio.o(.text)
    OS_PrioGetHighest                        0x0800a611   Thumb Code    36  os_prio.o(.text)
    OS_PrioInsert                            0x0800a635   Thumb Code    32  os_prio.o(.text)
    OS_PrioRemove                            0x0800a655   Thumb Code    32  os_prio.o(.text)
    OS_QDbgListAdd                           0x0800a679   Thumb Code    38  os_q.o(.text)
    OSQCreate                                0x0800a69f   Thumb Code   186  os_q.o(.text)
    OS_QClr                                  0x0800a759   Thumb Code    40  os_q.o(.text)
    OS_QDbgListRemove                        0x0800a781   Thumb Code    44  os_q.o(.text)
    OSQDel                                   0x0800a7ad   Thumb Code   362  os_q.o(.text)
    OSQFlush                                 0x0800a917   Thumb Code   210  os_q.o(.text)
    OSQPend                                  0x0800a9e9   Thumb Code   538  os_q.o(.text)
    OSQPendAbort                             0x0800ac03   Thumb Code   292  os_q.o(.text)
    OS_QPost                                 0x0800ad27   Thumb Code   324  os_q.o(.text)
    OSQPost                                  0x0800ae6b   Thumb Code   198  os_q.o(.text)
    OS_QInit                                 0x0800af31   Thumb Code    14  os_q.o(.text)
    OS_SemDbgListAdd                         0x0800af51   Thumb Code    38  os_sem.o(.text)
    OSSemCreate                              0x0800af77   Thumb Code   172  os_sem.o(.text)
    OS_SemClr                                0x0800b023   Thumb Code    28  os_sem.o(.text)
    OS_SemDbgListRemove                      0x0800b03f   Thumb Code    44  os_sem.o(.text)
    OSSemDel                                 0x0800b06b   Thumb Code   362  os_sem.o(.text)
    OSSemPend                                0x0800b1d5   Thumb Code   504  os_sem.o(.text)
    OSSemPendAbort                           0x0800b3cd   Thumb Code   292  os_sem.o(.text)
    OS_SemPost                               0x0800b4f1   Thumb Code   350  os_sem.o(.text)
    OSSemPost                                0x0800b64f   Thumb Code   144  os_sem.o(.text)
    OSSemSet                                 0x0800b6df   Thumb Code   138  os_sem.o(.text)
    OS_SemInit                               0x0800b769   Thumb Code    14  os_sem.o(.text)
    OSStatReset                              0x0800b781   Thumb Code   270  os_stat.o(.text)
    OSStatTaskCPUUsageInit                   0x0800b88f   Thumb Code   212  os_stat.o(.text)
    OS_StatTask                              0x0800b963   Thumb Code   888  os_stat.o(.text)
    OS_StatTaskInit                          0x0800bcdb   Thumb Code   138  os_stat.o(.text)
    OSTaskChangePrio                         0x0800bdb9   Thumb Code   416  os_task.o(.text)
    OS_TaskDbgListAdd                        0x0800bf59   Thumb Code    42  os_task.o(.text)
    OS_TaskInitTCB                           0x0800bf83   Thumb Code   186  os_task.o(.text)
    OSTaskCreate                             0x0800c03d   Thumb Code   616  os_task.o(.text)
    OS_TaskDbgListRemove                     0x0800c2a5   Thumb Code    64  os_task.o(.text)
    OSTaskDel                                0x0800c2e5   Thumb Code   424  os_task.o(.text)
    OSTaskQFlush                             0x0800c48d   Thumb Code   214  os_task.o(.text)
    OSTaskQPend                              0x0800c563   Thumb Code   554  os_task.o(.text)
    OSTaskQPendAbort                         0x0800c78d   Thumb Code   242  os_task.o(.text)
    OS_TaskQPost                             0x0800c87f   Thumb Code   526  os_task.o(.text)
    OSTaskQPost                              0x0800ca8d   Thumb Code   114  os_task.o(.text)
    OSTaskRegGet                             0x0800caff   Thumb Code    78  os_task.o(.text)
    OSTaskRegGetID                           0x0800cb4d   Thumb Code    84  os_task.o(.text)
    OSTaskRegSet                             0x0800cba1   Thumb Code    78  os_task.o(.text)
    OS_TaskResume                            0x0800cbef   Thumb Code   314  os_task.o(.text)
    OSTaskResume                             0x0800cd29   Thumb Code   112  os_task.o(.text)
    OSTaskSemPend                            0x0800cd99   Thumb Code   550  os_task.o(.text)
    OSTaskSemPendAbort                       0x0800cfbf   Thumb Code   270  os_task.o(.text)
    OS_TaskSemPost                           0x0800d0cd   Thumb Code  1224  os_task.o(.text)
    OSTaskSemPost                            0x0800d595   Thumb Code    98  os_task.o(.text)
    OSTaskSemSet                             0x0800d5f7   Thumb Code    80  os_task.o(.text)
    OSTaskStkChk                             0x0800d647   Thumb Code   224  os_task.o(.text)
    OS_TaskSuspend                           0x0800d727   Thumb Code   328  os_task.o(.text)
    OSTaskSuspend                            0x0800d86f   Thumb Code    78  os_task.o(.text)
    OSTaskTimeQuantaSet                      0x0800d8bd   Thumb Code    96  os_task.o(.text)
    OS_TaskInit                              0x0800d91d   Thumb Code    18  os_task.o(.text)
    OS_TaskReturn                            0x0800d92f   Thumb Code    20  os_task.o(.text)
    OS_TickListRemove                        0x0800d96d   Thumb Code    56  os_tick.o(.text)
    OS_TickListUpdate                        0x0800d9a5   Thumb Code   480  os_tick.o(.text)
    OS_TickTask                              0x0800db85   Thumb Code    38  os_tick.o(.text)
    OS_TickListInit                          0x0800dbab   Thumb Code    32  os_tick.o(.text)
    OS_TickTaskInit                          0x0800dbcb   Thumb Code   130  os_tick.o(.text)
    OS_TickListInsert                        0x0800dc4d   Thumb Code   502  os_tick.o(.text)
    OS_TickListResetPeak                     0x0800de43   Thumb Code    28  os_tick.o(.text)
    OSTimeDly                                0x0800de69   Thumb Code   266  os_time.o(.text)
    OSTimeDlyHMSM                            0x0800df73   Thumb Code   480  os_time.o(.text)
    OSTimeDlyResume                          0x0800e153   Thumb Code   466  os_time.o(.text)
    OSTimeGet                                0x0800e325   Thumb Code    46  os_time.o(.text)
    OSTimeSet                                0x0800e353   Thumb Code    46  os_time.o(.text)
    OSTimeTick                               0x0800e381   Thumb Code    54  os_time.o(.text)
    OS_TmrDbgListAdd                         0x0800e3cd   Thumb Code    34  os_tmr.o(.text)
    OSTmrCreate                              0x0800e3ef   Thumb Code   248  os_tmr.o(.text)
    OS_TmrClr                                0x0800e4e7   Thumb Code    36  os_tmr.o(.text)
    OS_TmrUnlink                             0x0800e50b   Thumb Code    72  os_tmr.o(.text)
    OS_TmrDbgListRemove                      0x0800e553   Thumb Code    44  os_tmr.o(.text)
    OSTmrDel                                 0x0800e57f   Thumb Code   176  os_tmr.o(.text)
    OSTmrRemainGet                           0x0800e62f   Thumb Code   184  os_tmr.o(.text)
    OS_TmrLink                               0x0800e6e7   Thumb Code   196  os_tmr.o(.text)
    OSTmrStart                               0x0800e7ab   Thumb Code   210  os_tmr.o(.text)
    OSTmrStateGet                            0x0800e87d   Thumb Code   134  os_tmr.o(.text)
    OSTmrStop                                0x0800e903   Thumb Code   232  os_tmr.o(.text)
    OS_TmrTask                               0x0800e9eb   Thumb Code   176  os_tmr.o(.text)
    OS_TmrInit                               0x0800ea9b   Thumb Code   208  os_tmr.o(.text)
    OS_TmrResetPeak                          0x0800eb6b   Thumb Code    28  os_tmr.o(.text)
    OSIdleTaskHook                           0x0800ebe5   Thumb Code    16  os_cpu_c.o(.text)
    OSInitHook                               0x0800ebf5   Thumb Code    42  os_cpu_c.o(.text)
    OSStatTaskHook                           0x0800ec1f   Thumb Code    16  os_cpu_c.o(.text)
    OSTaskCreateHook                         0x0800ec2f   Thumb Code    20  os_cpu_c.o(.text)
    OSTaskDelHook                            0x0800ec43   Thumb Code    20  os_cpu_c.o(.text)
    OSTaskReturnHook                         0x0800ec57   Thumb Code    20  os_cpu_c.o(.text)
    OSTaskStkInit                            0x0800ec6b   Thumb Code   188  os_cpu_c.o(.text)
    OSTaskSwHook                             0x0800ed27   Thumb Code   120  os_cpu_c.o(.text)
    OSTimeTickHook                           0x0800ed9f   Thumb Code    16  os_cpu_c.o(.text)
    OS_CPU_SysTickHandler                    0x0800edaf   Thumb Code    52  os_cpu_c.o(.text)
    OS_CPU_SysTickInit                       0x0800ede3   Thumb Code    44  os_cpu_c.o(.text)
    Aux_Int                                  0x0800ee51   Thumb Code    68  lora_app.o(.text)
    EXTI4_IRQHandler                         0x0800ee95   Thumb Code   118  lora_app.o(.text)
    lora_check_cmd                           0x0800ef0b   Thumb Code    44  lora_app.o(.text)
    lora_send_cmd                            0x0800ef37   Thumb Code   110  lora_app.o(.text)
    LoRa_Init                                0x0800efa5   Thumb Code   236  lora_app.o(.text)
    LoRa_Set                                 0x0800f091   Thumb Code   362  lora_app.o(.text)
    LoRa_SendData                            0x0800f1fb   Thumb Code   636  lora_app.o(.text)
    LoRa_ReceData                            0x0800f477   Thumb Code   138  lora_app.o(.text)
    lora_at_response                         0x0800f501   Thumb Code    46  lora_app.o(.text)
    __use_no_semihosting                     0x0800f599   Thumb Code     2  use_no_semi_2.o(.text)
    __aeabi_uldivmod                         0x0800f59b   Thumb Code     0  lludivv7m.o(.text)
    _ll_udiv                                 0x0800f59b   Thumb Code   238  lludivv7m.o(.text)
    vprintf                                  0x0800f689   Thumb Code     8  vprintf.o(.text)
    vsprintf                                 0x0800f695   Thumb Code    32  vsprintf.o(.text)
    __2printf                                0x0800f6b9   Thumb Code    20  __2printf.o(.text)
    __2sprintf                               0x0800f6d1   Thumb Code    38  __2sprintf.o(.text)
    _printf_pre_padding                      0x0800f6fd   Thumb Code    44  _printf_pad.o(.text)
    _printf_post_padding                     0x0800f729   Thumb Code    34  _printf_pad.o(.text)
    _printf_str                              0x0800f74b   Thumb Code    82  _printf_str.o(.text)
    _printf_int_dec                          0x0800f79d   Thumb Code   104  _printf_dec.o(.text)
    _printf_longlong_hex                     0x0800f815   Thumb Code    86  _printf_hex_int_ll_ptr.o(.text)
    _printf_int_hex                          0x0800f86b   Thumb Code    28  _printf_hex_int_ll_ptr.o(.text)
    _printf_ll_hex                           0x0800f887   Thumb Code    12  _printf_hex_int_ll_ptr.o(.text)
    _printf_hex_ptr                          0x0800f893   Thumb Code    18  _printf_hex_int_ll_ptr.o(.text)
    __printf                                 0x0800f8a9   Thumb Code   388  __printf_flags_ss_wp.o(.text)
    atoi                                     0x0800fa31   Thumb Code    26  atoi.o(.text)
    strstr                                   0x0800fa4b   Thumb Code    36  strstr.o(.text)
    strcpy                                   0x0800fa6f   Thumb Code    72  strcpy.o(.text)
    strlen                                   0x0800fab7   Thumb Code    62  strlen.o(.text)
    __aeabi_memclr                           0x0800faf5   Thumb Code     0  rt_memclr.o(.text)
    __rt_memclr                              0x0800faf5   Thumb Code    68  rt_memclr.o(.text)
    _memset                                  0x0800faf9   Thumb Code     0  rt_memclr.o(.text)
    __aeabi_memclr4                          0x0800fb39   Thumb Code     0  rt_memclr_w.o(.text)
    __aeabi_memclr8                          0x0800fb39   Thumb Code     0  rt_memclr_w.o(.text)
    __rt_memclr_w                            0x0800fb39   Thumb Code    78  rt_memclr_w.o(.text)
    _memset_w                                0x0800fb3d   Thumb Code     0  rt_memclr_w.o(.text)
    strcmp                                   0x0800fb89   Thumb Code   128  strcmpv7m.o(.text)
    __use_two_region_memory                  0x0800fc09   Thumb Code     2  heapauxi.o(.text)
    __rt_heap_escrow                         0x0800fc0b   Thumb Code     2  heapauxi.o(.text)
    __rt_heap_expand                         0x0800fc0d   Thumb Code     2  heapauxi.o(.text)
    __I$use$semihosting                      0x0800fc0f   Thumb Code     0  use_no_semi.o(.text)
    __use_no_semihosting_swi                 0x0800fc0f   Thumb Code     2  use_no_semi.o(.text)
    __rt_ctype_table                         0x0800fc11   Thumb Code    16  rt_ctype_table.o(.text)
    __aeabi_errno_addr                       0x0800fc21   Thumb Code     8  rt_errno_addr_intlibspace.o(.text)
    __errno$intlibspace                      0x0800fc21   Thumb Code     0  rt_errno_addr_intlibspace.o(.text)
    __rt_errno_addr$intlibspace              0x0800fc21   Thumb Code     0  rt_errno_addr_intlibspace.o(.text)
    _printf_truncate_signed                  0x0800fc29   Thumb Code    18  _printf_truncate.o(.text)
    _printf_truncate_unsigned                0x0800fc3b   Thumb Code    18  _printf_truncate.o(.text)
    _printf_int_common                       0x0800fc4d   Thumb Code   178  _printf_intcommon.o(.text)
    _printf_charcount                        0x0800fcff   Thumb Code    40  _printf_charcount.o(.text)
    __lib_sel_fp_printf                      0x0800fd27   Thumb Code     2  _printf_fp_dec.o(.text)
    _printf_fp_dec_real                      0x0800fed5   Thumb Code   620  _printf_fp_dec.o(.text)
    _printf_char_common                      0x0801014b   Thumb Code    32  _printf_char_common.o(.text)
    _sputc                                   0x08010171   Thumb Code    10  _sputc.o(.text)
    _printf_cs_common                        0x0801017b   Thumb Code    20  _printf_char.o(.text)
    _printf_char                             0x0801018f   Thumb Code    16  _printf_char.o(.text)
    _printf_string                           0x0801019f   Thumb Code     8  _printf_char.o(.text)
    _printf_char_file                        0x080101a9   Thumb Code    32  _printf_char_file.o(.text)
    _printf_wctomb                           0x080101cd   Thumb Code   182  _printf_wctomb.o(.text)
    _printf_longlong_dec                     0x08010289   Thumb Code   108  _printf_longlong_dec.o(.text)
    _printf_longlong_oct                     0x08010305   Thumb Code    68  _printf_oct_int_ll.o(.text)
    _printf_int_oct                          0x08010349   Thumb Code    24  _printf_oct_int_ll.o(.text)
    _printf_ll_oct                           0x08010361   Thumb Code    12  _printf_oct_int_ll.o(.text)
    strtol                                   0x08010375   Thumb Code   112  strtol.o(.text)
    __user_libspace                          0x080103e5   Thumb Code     8  libspace.o(.text)
    __user_perproc_libspace                  0x080103e5   Thumb Code     0  libspace.o(.text)
    __user_perthread_libspace                0x080103e5   Thumb Code     0  libspace.o(.text)
    __rt_locale                              0x080103ed   Thumb Code     8  rt_locale_intlibspace.o(.text)
    _ll_udiv10                               0x080103f5   Thumb Code   138  lludiv10.o(.text)
    _printf_fp_hex_real                      0x08010481   Thumb Code   754  _printf_fp_hex.o(.text)
    _printf_fp_infnan                        0x0801077d   Thumb Code   112  _printf_fp_infnan.o(.text)
    _printf_lcs_common                       0x080107fd   Thumb Code    20  _printf_wchar.o(.text)
    _printf_wchar                            0x08010811   Thumb Code    16  _printf_wchar.o(.text)
    _printf_wstring                          0x08010821   Thumb Code     8  _printf_wchar.o(.text)
    _strtoul                                 0x08010829   Thumb Code   158  _strtoul.o(.text)
    _btod_etento                             0x080108c9   Thumb Code   216  bigflt0.o(.text)
    ferror                                   0x080109a5   Thumb Code     8  ferror.o(.text)
    _wcrtomb                                 0x080109ad   Thumb Code    64  _wcrtomb.o(.text)
    __user_setup_stackheap                   0x080109ed   Thumb Code    74  sys_stackheap_outer.o(.text)
    _chval                                   0x08010a37   Thumb Code    28  _chval.o(.text)
    exit                                     0x08010a53   Thumb Code    12  exit.o(.text)
    _btod_d2e                                0x08010a5f   Thumb Code    62  btod.o(CL$$btod_d2e)
    _d2e_denorm_low                          0x08010a9d   Thumb Code    70  btod.o(CL$$btod_d2e_denorm_low)
    _d2e_norm_op1                            0x08010ae3   Thumb Code    96  btod.o(CL$$btod_d2e_norm_op1)
    __btod_div_common                        0x08010b43   Thumb Code   696  btod.o(CL$$btod_div_common)
    _e2e                                     0x08010e7b   Thumb Code   198  btod.o(CL$$btod_e2e)
    _btod_ediv                               0x08010f41   Thumb Code    40  btod.o(CL$$btod_ediv)
    _btod_emul                               0x08010f69   Thumb Code    40  btod.o(CL$$btod_emul)
    __btod_mult_common                       0x08010f91   Thumb Code   580  btod.o(CL$$btod_mult_common)
    OSStartHighRdy                           0x080111d5   Thumb Code     0  os_cpu_a.o(CODE)
    PendSV_Handler                           0x0801120b   Thumb Code     0  os_cpu_a.o(CODE)
    __ARM_fpclassify                         0x0801126d   Thumb Code    40  fpclassify.o(i.__ARM_fpclassify)
    _is_digit                                0x08011295   Thumb Code    14  __printf_wp.o(i._is_digit)
    _get_lc_ctype                            0x080112a5   Thumb Code    44  lc_ctype_c.o(locale$$code)
    _get_lc_numeric                          0x080112d1   Thumb Code    44  lc_numeric_c.o(locale$$code)
    __aeabi_d2f                              0x080112fd   Thumb Code     0  d2f.o(x$fpl$d2f)
    _d2f                                     0x080112fd   Thumb Code    98  d2f.o(x$fpl$d2f)
    __aeabi_dadd                             0x08011361   Thumb Code     0  daddsub_clz.o(x$fpl$dadd)
    _dadd                                    0x08011361   Thumb Code   332  daddsub_clz.o(x$fpl$dadd)
    __aeabi_ddiv                             0x080114b1   Thumb Code     0  ddiv.o(x$fpl$ddiv)
    _ddiv                                    0x080114b1   Thumb Code   552  ddiv.o(x$fpl$ddiv)
    __aeabi_i2d                              0x08011761   Thumb Code     0  dflt_clz.o(x$fpl$dflt)
    _dflt                                    0x08011761   Thumb Code    46  dflt_clz.o(x$fpl$dflt)
    __aeabi_dmul                             0x08011791   Thumb Code     0  dmul.o(x$fpl$dmul)
    _dmul                                    0x08011791   Thumb Code   332  dmul.o(x$fpl$dmul)
    __fpl_dnaninf                            0x080118e5   Thumb Code   156  dnaninf.o(x$fpl$dnaninf)
    __fpl_dretinf                            0x08011981   Thumb Code    12  dretinf.o(x$fpl$dretinf)
    __aeabi_dsub                             0x0801198d   Thumb Code     0  daddsub_clz.o(x$fpl$dsub)
    _dsub                                    0x0801198d   Thumb Code   464  daddsub_clz.o(x$fpl$dsub)
    __aeabi_f2d                              0x08011b61   Thumb Code     0  f2d.o(x$fpl$f2d)
    _f2d                                     0x08011b61   Thumb Code    86  f2d.o(x$fpl$f2d)
    __aeabi_fadd                             0x08011bb9   Thumb Code     0  faddsub_clz.o(x$fpl$fadd)
    _fadd                                    0x08011bb9   Thumb Code   196  faddsub_clz.o(x$fpl$fadd)
    __fpl_fnaninf                            0x08011c7d   Thumb Code   140  fnaninf.o(x$fpl$fnaninf)
    __fpl_fretinf                            0x08011d09   Thumb Code    10  fretinf.o(x$fpl$fretinf)
    __aeabi_fsub                             0x08011d15   Thumb Code     0  faddsub_clz.o(x$fpl$fsub)
    _fsub                                    0x08011d15   Thumb Code   234  faddsub_clz.o(x$fpl$fsub)
    _printf_fp_dec                           0x08011dff   Thumb Code     4  printf1.o(x$fpl$printf1)
    _printf_fp_hex                           0x08011e03   Thumb Code     4  printf2.o(x$fpl$printf2)
    F6x8                                     0x08011e06   Data         552  oled.o(.constdata)
    __I$use$fp                               0x08011e06   Number         0  usenofp.o(x$fpl$usenofp)
    F8X16                                    0x0801202e   Data        1520  oled.o(.constdata)
    Hzk                                      0x0801261e   Data        1216  oled.o(.constdata)
    table_week                               0x08012ade   Data          12  rtc.o(.constdata)
    mon_table                                0x08012aea   Data          12  rtc.o(.constdata)
    CPU_EndiannessTest                       0x08012bf8   Data           4  cpu_core.o(.constdata)
    OSCfg_IdleTaskStkBasePtr                 0x08012c90   Data           4  os_cfg_app.o(.constdata)
    OSCfg_IdleTaskStkLimit                   0x08012c94   Data           4  os_cfg_app.o(.constdata)
    OSCfg_IdleTaskStkSize                    0x08012c98   Data           4  os_cfg_app.o(.constdata)
    OSCfg_IdleTaskStkSizeRAM                 0x08012c9c   Data           4  os_cfg_app.o(.constdata)
    OSCfg_IntQBasePtr                        0x08012ca0   Data           4  os_cfg_app.o(.constdata)
    OSCfg_IntQSize                           0x08012ca4   Data           2  os_cfg_app.o(.constdata)
    OSCfg_IntQSizeRAM                        0x08012ca8   Data           4  os_cfg_app.o(.constdata)
    OSCfg_IntQTaskStkBasePtr                 0x08012cac   Data           4  os_cfg_app.o(.constdata)
    OSCfg_IntQTaskStkLimit                   0x08012cb0   Data           4  os_cfg_app.o(.constdata)
    OSCfg_IntQTaskStkSize                    0x08012cb4   Data           4  os_cfg_app.o(.constdata)
    OSCfg_IntQTaskStkSizeRAM                 0x08012cb8   Data           4  os_cfg_app.o(.constdata)
    OSCfg_ISRStkBasePtr                      0x08012cbc   Data           4  os_cfg_app.o(.constdata)
    OSCfg_ISRStkSize                         0x08012cc0   Data           4  os_cfg_app.o(.constdata)
    OSCfg_ISRStkSizeRAM                      0x08012cc4   Data           4  os_cfg_app.o(.constdata)
    OSCfg_MsgPoolSize                        0x08012cc8   Data           2  os_cfg_app.o(.constdata)
    OSCfg_MsgPoolSizeRAM                     0x08012ccc   Data           4  os_cfg_app.o(.constdata)
    OSCfg_MsgPoolBasePtr                     0x08012cd0   Data           4  os_cfg_app.o(.constdata)
    OSCfg_StatTaskPrio                       0x08012cd4   Data           1  os_cfg_app.o(.constdata)
    OSCfg_StatTaskRate_Hz                    0x08012cd8   Data           4  os_cfg_app.o(.constdata)
    OSCfg_StatTaskStkBasePtr                 0x08012cdc   Data           4  os_cfg_app.o(.constdata)
    OSCfg_StatTaskStkLimit                   0x08012ce0   Data           4  os_cfg_app.o(.constdata)
    OSCfg_StatTaskStkSize                    0x08012ce4   Data           4  os_cfg_app.o(.constdata)
    OSCfg_StatTaskStkSizeRAM                 0x08012ce8   Data           4  os_cfg_app.o(.constdata)
    OSCfg_StkSizeMin                         0x08012cec   Data           4  os_cfg_app.o(.constdata)
    OSCfg_TickRate_Hz                        0x08012cf0   Data           4  os_cfg_app.o(.constdata)
    OSCfg_TickTaskPrio                       0x08012cf4   Data           1  os_cfg_app.o(.constdata)
    OSCfg_TickTaskStkBasePtr                 0x08012cf8   Data           4  os_cfg_app.o(.constdata)
    OSCfg_TickTaskStkLimit                   0x08012cfc   Data           4  os_cfg_app.o(.constdata)
    OSCfg_TickTaskStkSize                    0x08012d00   Data           4  os_cfg_app.o(.constdata)
    OSCfg_TickTaskStkSizeRAM                 0x08012d04   Data           4  os_cfg_app.o(.constdata)
    OSCfg_TickWheelSize                      0x08012d08   Data           2  os_cfg_app.o(.constdata)
    OSCfg_TickWheelSizeRAM                   0x08012d0c   Data           4  os_cfg_app.o(.constdata)
    OSCfg_TmrTaskPrio                        0x08012d10   Data           1  os_cfg_app.o(.constdata)
    OSCfg_TmrTaskRate_Hz                     0x08012d14   Data           4  os_cfg_app.o(.constdata)
    OSCfg_TmrTaskStkBasePtr                  0x08012d18   Data           4  os_cfg_app.o(.constdata)
    OSCfg_TmrTaskStkLimit                    0x08012d1c   Data           4  os_cfg_app.o(.constdata)
    OSCfg_TmrTaskStkSize                     0x08012d20   Data           4  os_cfg_app.o(.constdata)
    OSCfg_TmrTaskStkSizeRAM                  0x08012d24   Data           4  os_cfg_app.o(.constdata)
    OSCfg_TmrWheelSize                       0x08012d28   Data           2  os_cfg_app.o(.constdata)
    OSCfg_TmrWheelSizeRAM                    0x08012d2c   Data           4  os_cfg_app.o(.constdata)
    OSCfg_DataSizeRAM                        0x08012d30   Data           4  os_cfg_app.o(.constdata)
    OSDbg_DbgEn                              0x08012d34   Data           2  os_dbg.o(.constdata)
    OSDbg_ArgChkEn                           0x08012d36   Data           1  os_dbg.o(.constdata)
    OSDbg_AppHooksEn                         0x08012d37   Data           1  os_dbg.o(.constdata)
    OSDbg_EndiannessTest                     0x08012d38   Data           4  os_dbg.o(.constdata)
    OSDbg_CalledFromISRChkEn                 0x08012d3c   Data           1  os_dbg.o(.constdata)
    OSDbg_FlagEn                             0x08012d3d   Data           1  os_dbg.o(.constdata)
    OSDbg_FlagGrp                            0x08012d40   Data          40  os_dbg.o(.constdata)
    OSDbg_FlagDelEn                          0x08012d68   Data           1  os_dbg.o(.constdata)
    OSDbg_FlagModeClrEn                      0x08012d69   Data           1  os_dbg.o(.constdata)
    OSDbg_FlagPendAbortEn                    0x08012d6a   Data           1  os_dbg.o(.constdata)
    OSDbg_FlagGrpSize                        0x08012d6c   Data           2  os_dbg.o(.constdata)
    OSDbg_FlagWidth                          0x08012d6e   Data           2  os_dbg.o(.constdata)
    OSDbg_IntQ                               0x08012d70   Data           2  os_dbg.o(.constdata)
    OSDbg_ISRPostDeferredEn                  0x08012d72   Data           1  os_dbg.o(.constdata)
    OSDbg_Mem                                0x08012d74   Data          32  os_dbg.o(.constdata)
    OSDbg_MemEn                              0x08012d94   Data           1  os_dbg.o(.constdata)
    OSDbg_MemSize                            0x08012d96   Data           2  os_dbg.o(.constdata)
    OSDbg_MsgEn                              0x08012d98   Data           1  os_dbg.o(.constdata)
    OSDbg_MsgSize                            0x08012d9a   Data           2  os_dbg.o(.constdata)
    OSDbg_MsgPoolSize                        0x08012d9c   Data           2  os_dbg.o(.constdata)
    OSDbg_MsgQSize                           0x08012d9e   Data           2  os_dbg.o(.constdata)
    OSDbg_Mutex                              0x08012da0   Data          44  os_dbg.o(.constdata)
    OSDbg_MutexEn                            0x08012dcc   Data           1  os_dbg.o(.constdata)
    OSDbg_MutexDelEn                         0x08012dcd   Data           1  os_dbg.o(.constdata)
    OSDbg_MutexPendAbortEn                   0x08012dce   Data           1  os_dbg.o(.constdata)
    OSDbg_MutexSize                          0x08012dd0   Data           2  os_dbg.o(.constdata)
    OSDbg_ObjTypeChkEn                       0x08012dd2   Data           1  os_dbg.o(.constdata)
    OSDbg_PendMultiEn                        0x08012dd3   Data           1  os_dbg.o(.constdata)
    OSDbg_PendDataSize                       0x08012dd4   Data           2  os_dbg.o(.constdata)
    OSDbg_PendListSize                       0x08012dd6   Data           2  os_dbg.o(.constdata)
    OSDbg_PendObjSize                        0x08012dd8   Data           2  os_dbg.o(.constdata)
    OSDbg_PrioMax                            0x08012dda   Data           2  os_dbg.o(.constdata)
    OSDbg_PrioTblSize                        0x08012ddc   Data           2  os_dbg.o(.constdata)
    OSDbg_PtrSize                            0x08012dde   Data           2  os_dbg.o(.constdata)
    OSDbg_Q                                  0x08012de0   Data          48  os_dbg.o(.constdata)
    OSDbg_QEn                                0x08012e10   Data           1  os_dbg.o(.constdata)
    OSDbg_QDelEn                             0x08012e11   Data           1  os_dbg.o(.constdata)
    OSDbg_QFlushEn                           0x08012e12   Data           1  os_dbg.o(.constdata)
    OSDbg_QPendAbortEn                       0x08012e13   Data           1  os_dbg.o(.constdata)
    OSDbg_QSize                              0x08012e14   Data           2  os_dbg.o(.constdata)
    OSDbg_SchedRoundRobinEn                  0x08012e16   Data           1  os_dbg.o(.constdata)
    OSDbg_Sem                                0x08012e18   Data          40  os_dbg.o(.constdata)
    OSDbg_SemEn                              0x08012e40   Data           1  os_dbg.o(.constdata)
    OSDbg_SemDelEn                           0x08012e41   Data           1  os_dbg.o(.constdata)
    OSDbg_SemPendAbortEn                     0x08012e42   Data           1  os_dbg.o(.constdata)
    OSDbg_SemSetEn                           0x08012e43   Data           1  os_dbg.o(.constdata)
    OSDbg_SemSize                            0x08012e44   Data           2  os_dbg.o(.constdata)
    OSDbg_RdyList                            0x08012e46   Data           2  os_dbg.o(.constdata)
    OSDbg_RdyListSize                        0x08012e48   Data           4  os_dbg.o(.constdata)
    OSDbg_StkWidth                           0x08012e4c   Data           1  os_dbg.o(.constdata)
    OSDbg_StatTaskEn                         0x08012e4d   Data           1  os_dbg.o(.constdata)
    OSDbg_StatTaskStkChkEn                   0x08012e4e   Data           1  os_dbg.o(.constdata)
    OSDbg_TaskChangePrioEn                   0x08012e4f   Data           1  os_dbg.o(.constdata)
    OSDbg_TaskDelEn                          0x08012e50   Data           1  os_dbg.o(.constdata)
    OSDbg_TaskQEn                            0x08012e51   Data           1  os_dbg.o(.constdata)
    OSDbg_TaskQPendAbortEn                   0x08012e52   Data           1  os_dbg.o(.constdata)
    OSDbg_TaskProfileEn                      0x08012e53   Data           1  os_dbg.o(.constdata)
    OSDbg_TaskRegTblSize                     0x08012e54   Data           2  os_dbg.o(.constdata)
    OSDbg_TaskSemPendAbortEn                 0x08012e56   Data           1  os_dbg.o(.constdata)
    OSDbg_TaskSuspendEn                      0x08012e57   Data           1  os_dbg.o(.constdata)
    OSDbg_TCBSize                            0x08012e58   Data           2  os_dbg.o(.constdata)
    OSDbg_TickSpokeSize                      0x08012e5a   Data           2  os_dbg.o(.constdata)
    OSDbg_TimeDlyHMSMEn                      0x08012e5c   Data           1  os_dbg.o(.constdata)
    OSDbg_TimeDlyResumeEn                    0x08012e5d   Data           1  os_dbg.o(.constdata)
    OSDbg_TLS_TblSize                        0x08012e5e   Data           2  os_dbg.o(.constdata)
    OSDbg_Tmr                                0x08012e60   Data          52  os_dbg.o(.constdata)
    OSDbg_TmrEn                              0x08012e94   Data           1  os_dbg.o(.constdata)
    OSDbg_TmrDelEn                           0x08012e95   Data           1  os_dbg.o(.constdata)
    OSDbg_TmrSize                            0x08012e96   Data           2  os_dbg.o(.constdata)
    OSDbg_TmrSpokeSize                       0x08012e98   Data           2  os_dbg.o(.constdata)
    OSDbg_VersionNbr                         0x08012e9a   Data           2  os_dbg.o(.constdata)
    OSDbg_DataSize                           0x08012e9c   Data           4  os_dbg.o(.constdata)
    Region$$Table$$Base                      0x08012fa0   Number         0  anon$$obj.o(Region$$Table)
    Region$$Table$$Limit                     0x08012fc0   Number         0  anon$$obj.o(Region$$Table)
    __ctype                                  0x08012fcd   Data           0  lc_ctype_c.o(locale$$data)
    g_oled_display_flag                      0x20000000   Data           4  main.o(.data)
    g_oled_display_time_count                0x20000004   Data           4  main.o(.data)
    node1                                    0x20000008   Data           4  main.o(.data)
    SystemCoreClock                          0x20000014   Data           4  system_stm32f10x.o(.data)
    AHBPrescTable                            0x20000018   Data          16  system_stm32f10x.o(.data)
    USART2_RX_STA                            0x20000028   Data           2  usart2.o(.data)
    USART3_RX_STA                            0x2000002c   Data           2  usart3.o(.data)
    UART4_RX_STA                             0x20000034   Data           2  uart4.o(.data)
    MQ135_ADC_ConvertedValue                 0x20000040   Data           4  mq135.o(.data)
    __stdout                                 0x20000048   Data           4  usart.o(.data)
    USART_RX_STA                             0x2000004c   Data           2  usart.o(.data)
    CPU_TS_TmrFreq_Hz                        0x20000064   Data           4  cpu_core.o(.data)
    Mem_PoolTbl                              0x20000068   Data           4  lib_mem.o(.data)
    OSPrioTbl                                0x2000006c   Data           8  os_prio.o(.data)
    OS_AppTaskCreateHookPtr                  0x20000074   Data           4  os_var.o(.data)
    OS_AppTaskDelHookPtr                     0x20000078   Data           4  os_var.o(.data)
    OS_AppTaskReturnHookPtr                  0x2000007c   Data           4  os_var.o(.data)
    OS_AppIdleTaskHookPtr                    0x20000080   Data           4  os_var.o(.data)
    OS_AppStatTaskHookPtr                    0x20000084   Data           4  os_var.o(.data)
    OS_AppTaskSwHookPtr                      0x20000088   Data           4  os_var.o(.data)
    OS_AppTimeTickHookPtr                    0x2000008c   Data           4  os_var.o(.data)
    OSIdleTaskCtr                            0x20000090   Data           4  os_var.o(.data)
    OSIntNestingCtr                          0x20000094   Data           1  os_var.o(.data)
    OSRunning                                0x20000095   Data           1  os_var.o(.data)
    OSIntQInPtr                              0x20000098   Data           4  os_var.o(.data)
    OSIntQOutPtr                             0x2000009c   Data           4  os_var.o(.data)
    OSIntQNbrEntries                         0x200000a0   Data           2  os_var.o(.data)
    OSIntQNbrEntriesMax                      0x200000a2   Data           2  os_var.o(.data)
    OSIntQOvfCtr                             0x200000a4   Data           2  os_var.o(.data)
    OSIntQTaskTimeMax                        0x200000a8   Data           4  os_var.o(.data)
    OSFlagDbgListPtr                         0x200000ac   Data           4  os_var.o(.data)
    OSFlagQty                                0x200000b0   Data           2  os_var.o(.data)
    OSMemDbgListPtr                          0x200000b4   Data           4  os_var.o(.data)
    OSMemQty                                 0x200000b8   Data           2  os_var.o(.data)
    OSMutexDbgListPtr                        0x200000bc   Data           4  os_var.o(.data)
    OSMutexQty                               0x200000c0   Data           2  os_var.o(.data)
    OSPrioCur                                0x200000c2   Data           1  os_var.o(.data)
    OSPrioHighRdy                            0x200000c3   Data           1  os_var.o(.data)
    OSPrioSaved                              0x200000c4   Data           1  os_var.o(.data)
    OSQDbgListPtr                            0x200000c8   Data           4  os_var.o(.data)
    OSQQty                                   0x200000cc   Data           2  os_var.o(.data)
    OSSchedLockTimeBegin                     0x200000d0   Data           4  os_var.o(.data)
    OSSchedLockTimeMax                       0x200000d4   Data           4  os_var.o(.data)
    OSSchedLockTimeMaxCur                    0x200000d8   Data           4  os_var.o(.data)
    OSSchedLockNestingCtr                    0x200000dc   Data           1  os_var.o(.data)
    OSSchedRoundRobinDfltTimeQuanta          0x200000e0   Data           4  os_var.o(.data)
    OSSchedRoundRobinEn                      0x200000e4   Data           1  os_var.o(.data)
    OSSemDbgListPtr                          0x200000e8   Data           4  os_var.o(.data)
    OSSemQty                                 0x200000ec   Data           2  os_var.o(.data)
    OSStatResetFlag                          0x200000ee   Data           1  os_var.o(.data)
    OSStatTaskCPUUsage                       0x200000f0   Data           2  os_var.o(.data)
    OSStatTaskCPUUsageMax                    0x200000f2   Data           2  os_var.o(.data)
    OSStatTaskCtr                            0x200000f4   Data           4  os_var.o(.data)
    OSStatTaskCtrMax                         0x200000f8   Data           4  os_var.o(.data)
    OSStatTaskCtrRun                         0x200000fc   Data           4  os_var.o(.data)
    OSStatTaskRdy                            0x20000100   Data           1  os_var.o(.data)
    OSStatTaskTimeMax                        0x20000104   Data           4  os_var.o(.data)
    OSTaskCtxSwCtr                           0x20000108   Data           4  os_var.o(.data)
    OSTaskDbgListPtr                         0x2000010c   Data           4  os_var.o(.data)
    OSTaskQty                                0x20000110   Data           2  os_var.o(.data)
    OSTaskRegNextAvailID                     0x20000112   Data           1  os_var.o(.data)
    OSTickCtr                                0x20000114   Data           4  os_var.o(.data)
    OSTickTaskTimeMax                        0x20000118   Data           4  os_var.o(.data)
    OSTmrDbgListPtr                          0x2000011c   Data           4  os_var.o(.data)
    OSTmrQty                                 0x20000120   Data           2  os_var.o(.data)
    OSTmrTaskTimeMax                         0x20000124   Data           4  os_var.o(.data)
    OSTmrTickCtr                             0x20000128   Data           4  os_var.o(.data)
    OSTmrUpdateCnt                           0x2000012c   Data           4  os_var.o(.data)
    OSTmrUpdateCtr                           0x20000130   Data           4  os_var.o(.data)
    OSTCBCurPtr                              0x20000134   Data           4  os_var.o(.data)
    OSTCBHighRdyPtr                          0x20000138   Data           4  os_var.o(.data)
    OS_CPU_ExceptStkBase                     0x2000013c   Data           4  os_cpu_c.o(.data)
    EXTI_InitStructure                       0x20000140   Data           8  lora_app.o(.data)
    NVIC_InitStructure                       0x20000148   Data           4  lora_app.o(.data)
    Lora_mode                                0x2000014c   Data           1  lora_app.o(.data)
    set_Already                              0x2000014d   Data           1  lora_app.o(.data)
    Dire_Date                                0x2000014f   Data           5  lora_app.o(.data)
    obj_addr                                 0x20000154   Data           4  lora_app.o(.data)
    obj_chn                                  0x20000158   Data           1  lora_app.o(.data)
    StartTaskTCB                             0x20000160   Data         196  main.o(.bss)
    START_TASK_STK                           0x20000224   Data        2048  main.o(.bss)
    DHT11_Task_TCB                           0x20000a24   Data         196  main.o(.bss)
    DHT11_TASK_STK                           0x20000ae8   Data         512  main.o(.bss)
    TDLAS_Task_TCB                           0x20000ce8   Data         196  main.o(.bss)
    TDLAS_TASK_STK                           0x20000dac   Data        2048  main.o(.bss)
    MQ135_Task_TCB                           0x200015ac   Data         196  main.o(.bss)
    MQ135_TASK_STK                           0x20001670   Data         512  main.o(.bss)
    MQ4_Task_TCB                             0x20001870   Data         196  main.o(.bss)
    MQ4_TASK_STK                             0x20001934   Data         512  main.o(.bss)
    IWG_Task_TCB                             0x20001b34   Data         196  main.o(.bss)
    IWG_TASK_STK                             0x20001bf8   Data         512  main.o(.bss)
    SAVE_Task_TCB                            0x20001df8   Data         196  main.o(.bss)
    SAVE_TASK_STK                            0x20001ebc   Data        2048  main.o(.bss)
    LORA_Task_TCB                            0x200026bc   Data         196  main.o(.bss)
    LORA_TASK_STK                            0x20002780   Data        2048  main.o(.bss)
    RTC_Task_TCB                             0x20002f80   Data         196  main.o(.bss)
    RTC_TASK_STK                             0x20003044   Data         512  main.o(.bss)
    Led0TaskTCB                              0x20003244   Data         196  main.o(.bss)
    LED0_TASK_STK                            0x20003308   Data         512  main.o(.bss)
    Led1TaskTCB                              0x20003508   Data         196  main.o(.bss)
    LED1_TASK_STK                            0x200035cc   Data         512  main.o(.bss)
    BEEP_Task_TCB                            0x200037cc   Data         196  main.o(.bss)
    BEEP_TASK_STK                            0x20003890   Data         512  main.o(.bss)
    KEY_Task_TCB                             0x20003a90   Data         196  main.o(.bss)
    KEY_TASK_STK                             0x20003b54   Data         512  main.o(.bss)
    TASK_STA_Task_TCB                        0x20003d54   Data         196  main.o(.bss)
    TASK_STA_TASK_STK                        0x20003e18   Data         512  main.o(.bss)
    FloatTaskTCB                             0x20004018   Data         196  main.o(.bss)
    FLOAT_TASK_STK                           0x200040e0   Data         512  main.o(.bss)
    g_flag_grp                               0x200042e0   Data          40  main.o(.bss)
    g_sem_led                                0x20004308   Data          40  main.o(.bss)
    g_sem_beep                               0x20004330   Data          40  main.o(.bss)
    g_mutex_printf                           0x20004358   Data          44  main.o(.bss)
    g_mutex_oled                             0x20004384   Data          44  main.o(.bss)
    g_mutex_lcd                              0x200043b0   Data          44  main.o(.bss)
    g_mutex_NODE                             0x200043dc   Data          44  main.o(.bss)
    g_queue_usart1                           0x20004408   Data          48  main.o(.bss)
    g_queue_usart2                           0x20004438   Data          48  main.o(.bss)
    g_queue_usart3                           0x20004468   Data          48  main.o(.bss)
    g_queue_usart4                           0x20004498   Data          48  main.o(.bss)
    g_queue_usart5                           0x200044c8   Data          48  main.o(.bss)
    g_queue_dht11_to_lora                    0x200044f8   Data          48  main.o(.bss)
    g_queue_dht11_to_txt                     0x20004528   Data          48  main.o(.bss)
    g_queue_TDLAS_to_lora                    0x20004558   Data          48  main.o(.bss)
    g_queue_TDLAS_to_txt                     0x20004588   Data          48  main.o(.bss)
    g_queue_MQ135_to_lora                    0x200045b8   Data          48  main.o(.bss)
    g_queue_MQ135_to_txt                     0x200045e8   Data          48  main.o(.bss)
    g_queue_MQ4_to_lora                      0x20004618   Data          48  main.o(.bss)
    g_queue_MQ4_to_txt                       0x20004648   Data          48  main.o(.bss)
    node_1                                   0x20004678   Data          72  main.o(.bss)
    USART2_RX_BUF                            0x200046c0   Data         600  usart2.o(.bss)
    USART2_TX_BUF                            0x20004918   Data         600  usart2.o(.bss)
    USART3_RX_BUF                            0x20004b70   Data        1024  usart3.o(.bss)
    USART3_TX_BUF                            0x20004f70   Data         600  usart3.o(.bss)
    USART_InitStructure                      0x200051c8   Data          16  usart3.o(.bss)
    UART4_RX_BUF                             0x200051d8   Data         600  uart4.o(.bss)
    UART4_TX_BUF                             0x20005430   Data         600  uart4.o(.bss)
    calendar                                 0x20005688   Data          10  rtc.o(.bss)
    USART_RX_BUF                             0x20005692   Data         200  usart.o(.bss)
    CPU_Name                                 0x2000575a   Data          16  cpu_core.o(.bss)
    Mem_PoolHeap                             0x2000576c   Data          72  lib_mem.o(.bss)
    Mem_Heap                                 0x200057b4   Data        1024  lib_mem.o(.bss)
    OSCfg_IdleTaskStk                        0x20005bb4   Data         512  os_cfg_app.o(.bss)
    OSCfg_IntQ                               0x20005db4   Data         320  os_cfg_app.o(.bss)
    OSCfg_IntQTaskStk                        0x20005ef4   Data         512  os_cfg_app.o(.bss)
    OSCfg_ISRStk                             0x200060f4   Data         512  os_cfg_app.o(.bss)
    OSCfg_MsgPool                            0x200062f4   Data        1600  os_cfg_app.o(.bss)
    OSCfg_StatTaskStk                        0x20006934   Data         512  os_cfg_app.o(.bss)
    OSCfg_TickTaskStk                        0x20006b34   Data         512  os_cfg_app.o(.bss)
    OSCfg_TickWheel                          0x20006d34   Data         136  os_cfg_app.o(.bss)
    OSCfg_TmrTaskStk                         0x20006dbc   Data         512  os_cfg_app.o(.bss)
    OSCfg_TmrWheel                           0x20006fbc   Data         136  os_cfg_app.o(.bss)
    OSIdleTaskTCB                            0x20007044   Data         196  os_var.o(.bss)
    OSIntQTaskTCB                            0x20007108   Data         196  os_var.o(.bss)
    OSMsgPool                                0x200071cc   Data          12  os_var.o(.bss)
    OSRdyList                                0x200071d8   Data         768  os_var.o(.bss)
    OSStatTaskTCB                            0x200074d8   Data         196  os_var.o(.bss)
    OSTickTaskTCB                            0x2000759c   Data         196  os_var.o(.bss)
    OSTmrTaskTCB                             0x20007660   Data         196  os_var.o(.bss)
    My_LoRa_CFG                              0x20007724   Data          10  lora_app.o(.bss)
    date                                     0x2000772e   Data          30  lora_app.o(.bss)
    Tran_Data                                0x2000774c   Data          30  lora_app.o(.bss)
    wlcd_buff                                0x2000776a   Data          10  lora_app.o(.bss)
    rlcd_buff                                0x20007774   Data          10  lora_app.o(.bss)
    __libspace_start                         0x20007780   Data          96  libspace.o(.bss)
    __temporary_stack_top$libspace           0x200077e0   Data           0  libspace.o(.bss)
    mem2base                                 0x68000000   Data       983040  malloc.o(.ARM.__AT_0x68000000)
    mem2mapbase                              0x680f0000   Data       61440  malloc.o(.ARM.__AT_0x680F0000)



==============================================================================

Memory Map of the image

  Image Entry point : 0x08000131

  Load Region LR_IROM1 (Base: 0x08000000, Size: 0x00013248, Max: 0x00080000, ABSOLUTE, COMPRESSED[0x0001311c])

    Execution Region ER_IROM1 (Base: 0x08000000, Size: 0x000130ec, Max: 0x00080000, ABSOLUTE)

    Base Addr    Size         Type   Attr      Idx    E Section Name        Object

    0x08000000   0x00000130   Data   RO          533    RESET               startup_stm32f10x_hd.o
    0x08000130   0x00000008   Code   RO         1516  * !!!main             c_w.l(__main.o)
    0x08000138   0x00000034   Code   RO         1977    !!!scatter          c_w.l(__scatter.o)
    0x0800016c   0x0000005a   Code   RO         1975    !!dczerorl2         c_w.l(__dczerorl2.o)
    0x080001c6   0x00000002   PAD
    0x080001c8   0x0000001c   Code   RO         1979    !!handler_zi        c_w.l(__scatter_zi.o)
    0x080001e4   0x00000000   Code   RO         1491    .ARM.Collect$$_printf_percent$$00000000  c_w.l(_printf_percent.o)
    0x080001e4   0x00000006   Code   RO         1631    .ARM.Collect$$_printf_percent$$00000001  c_w.l(_printf_n.o)
    0x080001ea   0x00000006   Code   RO         1632    .ARM.Collect$$_printf_percent$$00000002  c_w.l(_printf_p.o)
    0x080001f0   0x00000006   Code   RO         1489    .ARM.Collect$$_printf_percent$$00000003  c_w.l(_printf_f.o)
    0x080001f6   0x00000006   Code   RO         1635    .ARM.Collect$$_printf_percent$$00000004  c_w.l(_printf_e.o)
    0x080001fc   0x00000006   Code   RO         1490    .ARM.Collect$$_printf_percent$$00000005  c_w.l(_printf_g.o)
    0x08000202   0x00000006   Code   RO         1636    .ARM.Collect$$_printf_percent$$00000006  c_w.l(_printf_a.o)
    0x08000208   0x0000000a   Code   RO         1641    .ARM.Collect$$_printf_percent$$00000007  c_w.l(_printf_ll.o)
    0x08000212   0x00000006   Code   RO         1487    .ARM.Collect$$_printf_percent$$00000008  c_w.l(_printf_i.o)
    0x08000218   0x00000006   Code   RO         1488    .ARM.Collect$$_printf_percent$$00000009  c_w.l(_printf_d.o)
    0x0800021e   0x00000006   Code   RO         1634    .ARM.Collect$$_printf_percent$$0000000A  c_w.l(_printf_u.o)
    0x08000224   0x00000006   Code   RO         1633    .ARM.Collect$$_printf_percent$$0000000B  c_w.l(_printf_o.o)
    0x0800022a   0x00000006   Code   RO         1486    .ARM.Collect$$_printf_percent$$0000000C  c_w.l(_printf_x.o)
    0x08000230   0x00000006   Code   RO         1638    .ARM.Collect$$_printf_percent$$0000000D  c_w.l(_printf_lli.o)
    0x08000236   0x00000006   Code   RO         1639    .ARM.Collect$$_printf_percent$$0000000E  c_w.l(_printf_lld.o)
    0x0800023c   0x00000006   Code   RO         1640    .ARM.Collect$$_printf_percent$$0000000F  c_w.l(_printf_llu.o)
    0x08000242   0x00000006   Code   RO         1645    .ARM.Collect$$_printf_percent$$00000010  c_w.l(_printf_llo.o)
    0x08000248   0x00000006   Code   RO         1646    .ARM.Collect$$_printf_percent$$00000011  c_w.l(_printf_llx.o)
    0x0800024e   0x0000000a   Code   RO         1642    .ARM.Collect$$_printf_percent$$00000012  c_w.l(_printf_l.o)
    0x08000258   0x00000006   Code   RO         1630    .ARM.Collect$$_printf_percent$$00000013  c_w.l(_printf_c.o)
    0x0800025e   0x00000006   Code   RO         1485    .ARM.Collect$$_printf_percent$$00000014  c_w.l(_printf_s.o)
    0x08000264   0x00000006   Code   RO         1643    .ARM.Collect$$_printf_percent$$00000015  c_w.l(_printf_lc.o)
    0x0800026a   0x00000006   Code   RO         1644    .ARM.Collect$$_printf_percent$$00000016  c_w.l(_printf_ls.o)
    0x08000270   0x00000004   Code   RO         1637    .ARM.Collect$$_printf_percent$$00000017  c_w.l(_printf_percent_end.o)
    0x08000274   0x00000002   Code   RO         1874    .ARM.Collect$$libinit$$00000000  c_w.l(libinit.o)
    0x08000276   0x00000000   Code   RO         1660    .ARM.Collect$$libinit$$00000002  c_w.l(libinit2.o)
    0x08000276   0x00000000   Code   RO         1662    .ARM.Collect$$libinit$$00000004  c_w.l(libinit2.o)
    0x08000276   0x00000000   Code   RO         1665    .ARM.Collect$$libinit$$0000000A  c_w.l(libinit2.o)
    0x08000276   0x00000000   Code   RO         1667    .ARM.Collect$$libinit$$0000000C  c_w.l(libinit2.o)
    0x08000276   0x00000000   Code   RO         1669    .ARM.Collect$$libinit$$0000000E  c_w.l(libinit2.o)
    0x08000276   0x00000006   Code   RO         1670    .ARM.Collect$$libinit$$0000000F  c_w.l(libinit2.o)
    0x0800027c   0x00000000   Code   RO         1672    .ARM.Collect$$libinit$$00000011  c_w.l(libinit2.o)
    0x0800027c   0x0000000c   Code   RO         1673    .ARM.Collect$$libinit$$00000012  c_w.l(libinit2.o)
    0x08000288   0x00000000   Code   RO         1674    .ARM.Collect$$libinit$$00000013  c_w.l(libinit2.o)
    0x08000288   0x00000000   Code   RO         1676    .ARM.Collect$$libinit$$00000015  c_w.l(libinit2.o)
    0x08000288   0x0000000a   Code   RO         1677    .ARM.Collect$$libinit$$00000016  c_w.l(libinit2.o)
    0x08000292   0x00000000   Code   RO         1678    .ARM.Collect$$libinit$$00000017  c_w.l(libinit2.o)
    0x08000292   0x00000000   Code   RO         1680    .ARM.Collect$$libinit$$00000019  c_w.l(libinit2.o)
    0x08000292   0x00000000   Code   RO         1682    .ARM.Collect$$libinit$$0000001B  c_w.l(libinit2.o)
    0x08000292   0x00000000   Code   RO         1684    .ARM.Collect$$libinit$$0000001D  c_w.l(libinit2.o)
    0x08000292   0x00000000   Code   RO         1686    .ARM.Collect$$libinit$$0000001F  c_w.l(libinit2.o)
    0x08000292   0x00000000   Code   RO         1688    .ARM.Collect$$libinit$$00000021  c_w.l(libinit2.o)
    0x08000292   0x00000000   Code   RO         1690    .ARM.Collect$$libinit$$00000023  c_w.l(libinit2.o)
    0x08000292   0x00000000   Code   RO         1692    .ARM.Collect$$libinit$$00000025  c_w.l(libinit2.o)
    0x08000292   0x00000000   Code   RO         1696    .ARM.Collect$$libinit$$0000002C  c_w.l(libinit2.o)
    0x08000292   0x00000000   Code   RO         1698    .ARM.Collect$$libinit$$0000002E  c_w.l(libinit2.o)
    0x08000292   0x00000000   Code   RO         1700    .ARM.Collect$$libinit$$00000030  c_w.l(libinit2.o)
    0x08000292   0x00000000   Code   RO         1702    .ARM.Collect$$libinit$$00000032  c_w.l(libinit2.o)
    0x08000292   0x00000002   Code   RO         1703    .ARM.Collect$$libinit$$00000033  c_w.l(libinit2.o)
    0x08000294   0x00000002   Code   RO         1968    .ARM.Collect$$libshutdown$$00000000  c_w.l(libshutdown.o)
    0x08000296   0x00000000   Code   RO         1897    .ARM.Collect$$libshutdown$$00000003  c_w.l(libshutdown2.o)
    0x08000296   0x00000000   Code   RO         1900    .ARM.Collect$$libshutdown$$00000006  c_w.l(libshutdown2.o)
    0x08000296   0x00000000   Code   RO         1903    .ARM.Collect$$libshutdown$$00000009  c_w.l(libshutdown2.o)
    0x08000296   0x00000000   Code   RO         1905    .ARM.Collect$$libshutdown$$0000000B  c_w.l(libshutdown2.o)
    0x08000296   0x00000000   Code   RO         1908    .ARM.Collect$$libshutdown$$0000000E  c_w.l(libshutdown2.o)
    0x08000296   0x00000002   Code   RO         1909    .ARM.Collect$$libshutdown$$0000000F  c_w.l(libshutdown2.o)
    0x08000298   0x00000000   Code   RO         1566    .ARM.Collect$$rtentry$$00000000  c_w.l(__rtentry.o)
    0x08000298   0x00000000   Code   RO         1727    .ARM.Collect$$rtentry$$00000002  c_w.l(__rtentry2.o)
    0x08000298   0x00000006   Code   RO         1739    .ARM.Collect$$rtentry$$00000004  c_w.l(__rtentry4.o)
    0x0800029e   0x00000000   Code   RO         1729    .ARM.Collect$$rtentry$$00000009  c_w.l(__rtentry2.o)
    0x0800029e   0x00000004   Code   RO         1730    .ARM.Collect$$rtentry$$0000000A  c_w.l(__rtentry2.o)
    0x080002a2   0x00000000   Code   RO         1732    .ARM.Collect$$rtentry$$0000000C  c_w.l(__rtentry2.o)
    0x080002a2   0x00000008   Code   RO         1733    .ARM.Collect$$rtentry$$0000000D  c_w.l(__rtentry2.o)
    0x080002aa   0x00000002   Code   RO         1881    .ARM.Collect$$rtexit$$00000000  c_w.l(rtexit.o)
    0x080002ac   0x00000000   Code   RO         1927    .ARM.Collect$$rtexit$$00000002  c_w.l(rtexit2.o)
    0x080002ac   0x00000004   Code   RO         1928    .ARM.Collect$$rtexit$$00000003  c_w.l(rtexit2.o)
    0x080002b0   0x00000006   Code   RO         1929    .ARM.Collect$$rtexit$$00000004  c_w.l(rtexit2.o)
    0x080002b6   0x00000002   PAD
    0x080002b8   0x000011c8   Code   RO            1    .text               main.o
    0x08001480   0x00000016   Code   RO          201    .text               stm32f10x_it.o
    0x08001496   0x00000002   PAD
    0x08001498   0x000001e0   Code   RO          239    .text               system_stm32f10x.o
    0x08001678   0x0000004c   Code   RO          257    .text               led.o
    0x080016c4   0x000001e0   Code   RO          273    .text               usart2.o
    0x080018a4   0x00000364   Code   RO          296    .text               usart3.o
    0x08001c08   0x0000018c   Code   RO          318    .text               uart4.o
    0x08001d94   0x000000b0   Code   RO          337    .text               timer.o
    0x08001e44   0x000002fc   Code   RO          350    .text               dht11.o
    0x08002140   0x00000770   Code   RO          362    .text               oled.o
    0x080028b0   0x00000038   Code   RO          400    .text               beep.o
    0x080028e8   0x000002a0   Code   RO          412    .text               key.o
    0x08002b88   0x000004d4   Code   RO          432    .text               rtc.o
    0x0800305c   0x00000110   Code   RO          452    .text               mq135.o
    0x0800316c   0x0000014c   Code   RO          467    .text               delay.o
    0x080032b8   0x0000014c   Code   RO          498    .text               usart.o
    0x08003404   0x00000040   Code   RO          534    .text               startup_stm32f10x_hd.o
    0x08003444   0x000000dc   Code   RO          538    .text               misc.o
    0x08003520   0x0000035c   Code   RO          550    .text               stm32f10x_gpio.o
    0x0800387c   0x00000408   Code   RO          562    .text               stm32f10x_usart.o
    0x08003c84   0x000003a4   Code   RO          574    .text               stm32f10x_rcc.o
    0x08004028   0x0000044e   Code   RO          588    .text               stm32f10x_adc.o
    0x08004476   0x00000002   PAD
    0x08004478   0x000000c4   Code   RO          600    .text               stm32f10x_bkp.o
    0x0800453c   0x00000254   Code   RO          687    .text               stm32f10x_dma.o
    0x08004790   0x0000011c   Code   RO          699    .text               stm32f10x_exti.o
    0x080048ac   0x000000cc   Code   RO          768    .text               stm32f10x_pwr.o
    0x08004978   0x00000148   Code   RO          780    .text               stm32f10x_rtc.o
    0x08004ac0   0x00000e1a   Code   RO          819    .text               stm32f10x_tim.o
    0x080058da   0x00000002   PAD
    0x080058dc   0x00000084   Code   RO          846    .text               bsp.o
    0x08005960   0x000002a8   Code   RO          861    .text               cpu_core.o
    0x08005c08   0x00000034   Code   RO          899    .text               cpu_a.o
    0x08005c3c   0x00000256   Code   RO          902    .text               lib_ascii.o
    0x08005e92   0x00000002   PAD
    0x08005e94   0x000009c6   Code   RO          935    .text               lib_mem.o
    0x0800685a   0x00000002   PAD
    0x0800685c   0x0000092c   Code   RO          954    .text               lib_str.o
    0x08007188   0x00000220   Code   RO          971    .text               lib_mem_a.o
    0x080073a8   0x000000fc   Code   RO          974    .text               os_cfg_app.o
    0x080074a4   0x00000e04   Code   RO          997    .text               os_core.o
    0x080082a8   0x000001b0   Code   RO         1009    .text               os_dbg.o
    0x08008458   0x00000e28   Code   RO         1024    .text               os_flag.o
    0x08009280   0x00000444   Code   RO         1036    .text               os_int.o
    0x080096c4   0x00000238   Code   RO         1048    .text               os_mem.o
    0x080098fc   0x0000022c   Code   RO         1060    .text               os_msg.o
    0x08009b28   0x00000ad4   Code   RO         1072    .text               os_mutex.o
    0x0800a5fc   0x0000007c   Code   RO         1090    .text               os_prio.o
    0x0800a678   0x000008d8   Code   RO         1109    .text               os_q.o
    0x0800af50   0x00000830   Code   RO         1121    .text               os_sem.o
    0x0800b780   0x00000638   Code   RO         1133    .text               os_stat.o
    0x0800bdb8   0x00001bb4   Code   RO         1145    .text               os_task.o
    0x0800d96c   0x000004fc   Code   RO         1157    .text               os_tick.o
    0x0800de68   0x00000564   Code   RO         1169    .text               os_time.o
    0x0800e3cc   0x00000818   Code   RO         1181    .text               os_tmr.o
    0x0800ebe4   0x0000026c   Code   RO         1210    .text               os_cpu_c.o
    0x0800ee50   0x00000748   Code   RO         1243    .text               lora_app.o
    0x0800f598   0x00000002   Code   RO         1350    .text               c_w.l(use_no_semi_2.o)
    0x0800f59a   0x000000ee   Code   RO         1420    .text               c_w.l(lludivv7m.o)
    0x0800f688   0x0000000c   Code   RO         1424    .text               c_w.l(vprintf.o)
    0x0800f694   0x00000024   Code   RO         1426    .text               c_w.l(vsprintf.o)
    0x0800f6b8   0x00000018   Code   RO         1428    .text               c_w.l(__2printf.o)
    0x0800f6d0   0x0000002c   Code   RO         1430    .text               c_w.l(__2sprintf.o)
    0x0800f6fc   0x0000004e   Code   RO         1438    .text               c_w.l(_printf_pad.o)
    0x0800f74a   0x00000052   Code   RO         1440    .text               c_w.l(_printf_str.o)
    0x0800f79c   0x00000078   Code   RO         1442    .text               c_w.l(_printf_dec.o)
    0x0800f814   0x00000094   Code   RO         1462    .text               c_w.l(_printf_hex_int_ll_ptr.o)
    0x0800f8a8   0x00000188   Code   RO         1482    .text               c_w.l(__printf_flags_ss_wp.o)
    0x0800fa30   0x0000001a   Code   RO         1494    .text               c_w.l(atoi.o)
    0x0800fa4a   0x00000024   Code   RO         1496    .text               c_w.l(strstr.o)
    0x0800fa6e   0x00000048   Code   RO         1498    .text               c_w.l(strcpy.o)
    0x0800fab6   0x0000003e   Code   RO         1500    .text               c_w.l(strlen.o)
    0x0800faf4   0x00000044   Code   RO         1508    .text               c_w.l(rt_memclr.o)
    0x0800fb38   0x0000004e   Code   RO         1510    .text               c_w.l(rt_memclr_w.o)
    0x0800fb86   0x00000002   PAD
    0x0800fb88   0x00000080   Code   RO         1512    .text               c_w.l(strcmpv7m.o)
    0x0800fc08   0x00000006   Code   RO         1514    .text               c_w.l(heapauxi.o)
    0x0800fc0e   0x00000002   Code   RO         1562    .text               c_w.l(use_no_semi.o)
    0x0800fc10   0x00000010   Code   RO         1567    .text               c_w.l(rt_ctype_table.o)
    0x0800fc20   0x00000008   Code   RO         1581    .text               c_w.l(rt_errno_addr_intlibspace.o)
    0x0800fc28   0x00000024   Code   RO         1603    .text               c_w.l(_printf_truncate.o)
    0x0800fc4c   0x000000b2   Code   RO         1605    .text               c_w.l(_printf_intcommon.o)
    0x0800fcfe   0x00000028   Code   RO         1607    .text               c_w.l(_printf_charcount.o)
    0x0800fd26   0x0000041a   Code   RO         1609    .text               c_w.l(_printf_fp_dec.o)
    0x08010140   0x00000030   Code   RO         1611    .text               c_w.l(_printf_char_common.o)
    0x08010170   0x0000000a   Code   RO         1613    .text               c_w.l(_sputc.o)
    0x0801017a   0x0000002c   Code   RO         1615    .text               c_w.l(_printf_char.o)
    0x080101a6   0x00000002   PAD
    0x080101a8   0x00000024   Code   RO         1617    .text               c_w.l(_printf_char_file.o)
    0x080101cc   0x000000bc   Code   RO         1619    .text               c_w.l(_printf_wctomb.o)
    0x08010288   0x0000007c   Code   RO         1622    .text               c_w.l(_printf_longlong_dec.o)
    0x08010304   0x00000070   Code   RO         1628    .text               c_w.l(_printf_oct_int_ll.o)
    0x08010374   0x00000070   Code   RO         1655    .text               c_w.l(strtol.o)
    0x080103e4   0x00000008   Code   RO         1723    .text               c_w.l(libspace.o)
    0x080103ec   0x00000008   Code   RO         1746    .text               c_w.l(rt_locale_intlibspace.o)
    0x080103f4   0x0000008a   Code   RO         1756    .text               c_w.l(lludiv10.o)
    0x0801047e   0x00000002   PAD
    0x08010480   0x000002fc   Code   RO         1760    .text               c_w.l(_printf_fp_hex.o)
    0x0801077c   0x00000080   Code   RO         1763    .text               c_w.l(_printf_fp_infnan.o)
    0x080107fc   0x0000002c   Code   RO         1767    .text               c_w.l(_printf_wchar.o)
    0x08010828   0x0000009e   Code   RO         1771    .text               c_w.l(_strtoul.o)
    0x080108c6   0x00000002   PAD
    0x080108c8   0x000000dc   Code   RO         1773    .text               c_w.l(bigflt0.o)
    0x080109a4   0x00000008   Code   RO         1798    .text               c_w.l(ferror.o)
    0x080109ac   0x00000040   Code   RO         1802    .text               c_w.l(_wcrtomb.o)
    0x080109ec   0x0000004a   Code   RO         1841    .text               c_w.l(sys_stackheap_outer.o)
    0x08010a36   0x0000001c   Code   RO         1849    .text               c_w.l(_chval.o)
    0x08010a52   0x0000000c   Code   RO         1855    .text               c_w.l(exit.o)
    0x08010a5e   0x0000003e   Code   RO         1776    CL$$btod_d2e        c_w.l(btod.o)
    0x08010a9c   0x00000046   Code   RO         1778    CL$$btod_d2e_denorm_low  c_w.l(btod.o)
    0x08010ae2   0x00000060   Code   RO         1777    CL$$btod_d2e_norm_op1  c_w.l(btod.o)
    0x08010b42   0x00000338   Code   RO         1786    CL$$btod_div_common  c_w.l(btod.o)
    0x08010e7a   0x000000c6   Code   RO         1783    CL$$btod_e2e        c_w.l(btod.o)
    0x08010f40   0x00000028   Code   RO         1780    CL$$btod_ediv       c_w.l(btod.o)
    0x08010f68   0x00000028   Code   RO         1779    CL$$btod_emul       c_w.l(btod.o)
    0x08010f90   0x00000244   Code   RO         1785    CL$$btod_mult_common  c_w.l(btod.o)
    0x080111d4   0x00000098   Code   RO         1207    CODE                os_cpu_a.o
    0x0801126c   0x00000028   Code   RO         1832    i.__ARM_fpclassify  m_ws.l(fpclassify.o)
    0x08011294   0x0000000e   Code   RO         1475    i._is_digit         c_w.l(__printf_wp.o)
    0x080112a2   0x00000002   PAD
    0x080112a4   0x0000002c   Code   RO         1805    locale$$code        c_w.l(lc_ctype_c.o)
    0x080112d0   0x0000002c   Code   RO         1808    locale$$code        c_w.l(lc_numeric_c.o)
    0x080112fc   0x00000062   Code   RO         1518    x$fpl$d2f           fz_ws.l(d2f.o)
    0x0801135e   0x00000002   PAD
    0x08011360   0x00000150   Code   RO         1520    x$fpl$dadd          fz_ws.l(daddsub_clz.o)
    0x080114b0   0x000002b0   Code   RO         1527    x$fpl$ddiv          fz_ws.l(ddiv.o)
    0x08011760   0x0000002e   Code   RO         1535    x$fpl$dflt          fz_ws.l(dflt_clz.o)
    0x0801178e   0x00000002   PAD
    0x08011790   0x00000154   Code   RO         1542    x$fpl$dmul          fz_ws.l(dmul.o)
    0x080118e4   0x0000009c   Code   RO         1706    x$fpl$dnaninf       fz_ws.l(dnaninf.o)
    0x08011980   0x0000000c   Code   RO         1708    x$fpl$dretinf       fz_ws.l(dretinf.o)
    0x0801198c   0x000001d4   Code   RO         1522    x$fpl$dsub          fz_ws.l(daddsub_clz.o)
    0x08011b60   0x00000056   Code   RO         1546    x$fpl$f2d           fz_ws.l(f2d.o)
    0x08011bb6   0x00000002   PAD
    0x08011bb8   0x000000c4   Code   RO         1548    x$fpl$fadd          fz_ws.l(faddsub_clz.o)
    0x08011c7c   0x0000008c   Code   RO         1710    x$fpl$fnaninf       fz_ws.l(fnaninf.o)
    0x08011d08   0x0000000a   Code   RO         1712    x$fpl$fretinf       fz_ws.l(fretinf.o)
    0x08011d12   0x00000002   PAD
    0x08011d14   0x000000ea   Code   RO         1550    x$fpl$fsub          fz_ws.l(faddsub_clz.o)
    0x08011dfe   0x00000004   Code   RO         1554    x$fpl$printf1       fz_ws.l(printf1.o)
    0x08011e02   0x00000004   Code   RO         1714    x$fpl$printf2       fz_ws.l(printf2.o)
    0x08011e06   0x00000000   Code   RO         1720    x$fpl$usenofp       fz_ws.l(usenofp.o)
    0x08011e06   0x00000cd8   Data   RO          363    .constdata          oled.o
    0x08012ade   0x00000018   Data   RO          434    .constdata          rtc.o
    0x08012af6   0x00000002   PAD
    0x08012af8   0x00000104   Data   RO          863    .constdata          cpu_core.o
    0x08012bfc   0x00000094   Data   RO          955    .constdata          lib_str.o
    0x08012c90   0x000000a4   Data   RO          976    .constdata          os_cfg_app.o
    0x08012d34   0x0000016c   Data   RO         1010    .constdata          os_dbg.o
    0x08012ea0   0x00000028   Data   RO         1463    .constdata          c_w.l(_printf_hex_int_ll_ptr.o)
    0x08012ec8   0x00000011   Data   RO         1483    .constdata          c_w.l(__printf_flags_ss_wp.o)
    0x08012ed9   0x00000003   PAD
    0x08012edc   0x00000008   Data   RO         1620    .constdata          c_w.l(_printf_wctomb.o)
    0x08012ee4   0x00000026   Data   RO         1761    .constdata          c_w.l(_printf_fp_hex.o)
    0x08012f0a   0x00000002   PAD
    0x08012f0c   0x00000094   Data   RO         1774    .constdata          c_w.l(bigflt0.o)
    0x08012fa0   0x00000020   Data   RO         1973    Region$$Table       anon$$obj.o
    0x08012fc0   0x00000110   Data   RO         1804    locale$$data        c_w.l(lc_ctype_c.o)
    0x080130d0   0x0000001c   Data   RO         1807    locale$$data        c_w.l(lc_numeric_c.o)


    Execution Region RW_IRAM1 (Base: 0x20000000, Size: 0x000089e0, Max: 0x00010000, ABSOLUTE, COMPRESSED[0x00000030])

    Base Addr    Size         Type   Attr      Idx    E Section Name        Object

    0x20000000   0x00000014   Data   RW            3    .data               main.o
    0x20000014   0x00000014   Data   RW          240    .data               system_stm32f10x.o
    0x20000028   0x00000002   Data   RW          275    .data               usart2.o
    0x2000002a   0x00000002   PAD
    0x2000002c   0x00000008   Data   RW          298    .data               usart3.o
    0x20000034   0x00000002   Data   RW          320    .data               uart4.o
    0x20000036   0x00000004   Data   RW          364    .data               oled.o
    0x2000003a   0x00000001   Data   RW          413    .data               key.o
    0x2000003b   0x00000001   PAD
    0x2000003c   0x00000002   Data   RW          435    .data               rtc.o
    0x2000003e   0x00000002   PAD
    0x20000040   0x00000004   Data   RW          453    .data               mq135.o
    0x20000044   0x00000004   Data   RW          468    .data               delay.o
    0x20000048   0x00000006   Data   RW          500    .data               usart.o
    0x2000004e   0x00000014   Data   RW          575    .data               stm32f10x_rcc.o
    0x20000062   0x00000002   PAD
    0x20000064   0x00000004   Data   RW          864    .data               cpu_core.o
    0x20000068   0x00000004   Data   RW          937    .data               lib_mem.o
    0x2000006c   0x00000008   Data   RW         1091    .data               os_prio.o
    0x20000074   0x000000c8   Data   RW         1194    .data               os_var.o
    0x2000013c   0x00000004   Data   RW         1211    .data               os_cpu_c.o
    0x20000140   0x0000001a   Data   RW         1245    .data               lora_app.o
    0x2000015a   0x00000006   PAD
    0x20000160   0x00004560   Zero   RW            2    .bss                main.o
    0x200046c0   0x000004b0   Zero   RW          274    .bss                usart2.o
    0x20004b70   0x00000668   Zero   RW          297    .bss                usart3.o
    0x200051d8   0x000004b0   Zero   RW          319    .bss                uart4.o
    0x20005688   0x0000000a   Zero   RW          433    .bss                rtc.o
    0x20005692   0x000000c8   Zero   RW          499    .bss                usart.o
    0x2000575a   0x00000010   Zero   RW          862    .bss                cpu_core.o
    0x2000576a   0x00000002   PAD
    0x2000576c   0x00000448   Zero   RW          936    .bss                lib_mem.o
    0x20005bb4   0x00001490   Zero   RW          975    .bss                os_cfg_app.o
    0x20007044   0x000006e0   Zero   RW         1193    .bss                os_var.o
    0x20007724   0x0000005a   Zero   RW         1244    .bss                lora_app.o
    0x2000777e   0x00000002   PAD
    0x20007780   0x00000060   Zero   RW         1724    .bss                c_w.l(libspace.o)
    0x200077e0   0x00000600   Zero   RW          532    HEAP                startup_stm32f10x_hd.o
    0x20007de0   0x00000c00   Zero   RW          531    STACK               startup_stm32f10x_hd.o



  Load Region LR$$.ARM.__AT_0x68000000 (Base: 0x68000000, Size: 0x00000000, Max: 0x000f0000, ABSOLUTE)

    Execution Region ER$$.ARM.__AT_0x68000000 (Base: 0x68000000, Size: 0x000f0000, Max: 0x000f0000, ABSOLUTE, UNINIT)

    Base Addr    Size         Type   Attr      Idx    E Section Name        Object

    0x68000000   0x000f0000   Zero   RW         1327    .ARM.__AT_0x68000000  malloc.o



  Load Region LR$$.ARM.__AT_0x680F0000 (Base: 0x680f0000, Size: 0x00000000, Max: 0x0000f000, ABSOLUTE)

    Execution Region ER$$.ARM.__AT_0x680F0000 (Base: 0x680f0000, Size: 0x0000f000, Max: 0x0000f000, ABSOLUTE, UNINIT)

    Base Addr    Size         Type   Attr      Idx    E Section Name        Object

    0x680f0000   0x0000f000   Zero   RW         1328    .ARM.__AT_0x680F0000  malloc.o


==============================================================================

Image component sizes


      Code (inc. data)   RO Data    RW Data    ZI Data      Debug   Object Name

        56          6          0          0          0        516   beep.o
       132         12          0          0          0       1167   bsp.o
        52          0          0          0          0        360   cpu_a.o
       680         14        260          4         16      14431   cpu_core.o
       332         28          0          4          0       1841   delay.o
       764         14          0          0          0       2825   dht11.o
       672         74          0          1          0       2103   key.o
        76          8          0          0          0        523   led.o
       598          0          0          0          0       3728   lib_ascii.o
      2502         32          0          4       1096      21868   lib_mem.o
       544          0          0          0          0        508   lib_mem_a.o
      2348          6        148          0          0      13154   lib_str.o
      1864        518          0         26         90       4324   lora_app.o
      4552       1362          0         20      17760     341968   main.o
         0          0          0          0    1044480       1645   malloc.o
       220         22          0          0          0       1885   misc.o
       272         18          0          4          0       1040   mq135.o
      1904         34       3288          4          0       6973   oled.o
       252        166        164          0       5264      21026   os_cfg_app.o
      3588        294          0          0          0      12097   os_core.o
       152         32          0          0          0        420   os_cpu_a.o
       620         66          0          4          0       3877   os_cpu_c.o
       432        286        364          0          0       4845   os_dbg.o
      3624        110          0          0          0       7759   os_flag.o
      1092        146          0          0          0       2332   os_int.o
       568         20          0          0          0       2732   os_mem.o
       556         12          0          0          0       2791   os_msg.o
      2772        114          0          0          0       5450   os_mutex.o
       124          4          0          8          0       1840   os_prio.o
      2264         76          0          0          0       6128   os_q.o
      2096         70          0          0          0       6144   os_sem.o
      1592        180          0          0          0       2833   os_stat.o
      7092        270          0          0          0      13506   os_task.o
      1276         90          0          0          0       3289   os_tick.o
      1380         46          0          0          0       3229   os_time.o
      2072        140          0          0          0       6330   os_tmr.o
         0          0          0        200       1760      19421   os_var.o
      1236         74         24          2         10       4430   rtc.o
        64         26        304          0       4608        820   startup_stm32f10x_hd.o
      1102         26          0          0          0      10921   stm32f10x_adc.o
       196          8          0          0          0       3552   stm32f10x_bkp.o
       596          8          0          0          0       4418   stm32f10x_dma.o
       284         10          0          0          0       2323   stm32f10x_exti.o
       860         38          0          0          0       5733   stm32f10x_gpio.o
        22          0          0          0          0       1027   stm32f10x_it.o
       204         14          0          0          0       1955   stm32f10x_pwr.o
       932         36          0         20          0       8940   stm32f10x_rcc.o
       328          4          0          0          0       2710   stm32f10x_rtc.o
      3610         88          0          0          0      22220   stm32f10x_tim.o
      1032         22          0          0          0       8456   stm32f10x_usart.o
         0          0          0          0          0         32   sys.o
       480         38          0         20          0       1827   system_stm32f10x.o
       176          8          0          0          0        964   timer.o
       396         22          0          2       1200       2205   uart4.o
       332         16          0          6        200       3238   usart.o
       480         68          0          2       1200       2186   usart2.o
       868         98          0          8       1640       2867   usart3.o

    ----------------------------------------------------------------------
     62328       4874       4586        348    1079332     637732   Object Totals
         0          0         32          0          0          0   (incl. Generated)
        10          0          2          9          8          0   (incl. Padding)

    ----------------------------------------------------------------------

      Code (inc. data)   RO Data    RW Data    ZI Data      Debug   Library Member Name

        24          4          0          0          0         84   __2printf.o
        44          6          0          0          0         84   __2sprintf.o
        90          0          0          0          0          0   __dczerorl2.o
         8          0          0          0          0         68   __main.o
       392          4         17          0          0         92   __printf_flags_ss_wp.o
        14          0          0          0          0         68   __printf_wp.o
         0          0          0          0          0          0   __rtentry.o
        12          0          0          0          0          0   __rtentry2.o
         6          0          0          0          0          0   __rtentry4.o
        52          8          0          0          0          0   __scatter.o
        28          0          0          0          0          0   __scatter_zi.o
        28          0          0          0          0         68   _chval.o
         6          0          0          0          0          0   _printf_a.o
         6          0          0          0          0          0   _printf_c.o
        44          0          0          0          0        108   _printf_char.o
        48          6          0          0          0         96   _printf_char_common.o
        36          4          0          0          0         80   _printf_char_file.o
        40          0          0          0          0         68   _printf_charcount.o
         6          0          0          0          0          0   _printf_d.o
       120         16          0          0          0         92   _printf_dec.o
         6          0          0          0          0          0   _printf_e.o
         6          0          0          0          0          0   _printf_f.o
      1050          0          0          0          0        216   _printf_fp_dec.o
       764         10         38          0          0        100   _printf_fp_hex.o
       128         16          0          0          0         84   _printf_fp_infnan.o
         6          0          0          0          0          0   _printf_g.o
       148          4         40          0          0        160   _printf_hex_int_ll_ptr.o
         6          0          0          0          0          0   _printf_i.o
       178          0          0          0          0         88   _printf_intcommon.o
        10          0          0          0          0          0   _printf_l.o
         6          0          0          0          0          0   _printf_lc.o
        10          0          0          0          0          0   _printf_ll.o
         6          0          0          0          0          0   _printf_lld.o
         6          0          0          0          0          0   _printf_lli.o
         6          0          0          0          0          0   _printf_llo.o
         6          0          0          0          0          0   _printf_llu.o
         6          0          0          0          0          0   _printf_llx.o
       124         16          0          0          0         92   _printf_longlong_dec.o
         6          0          0          0          0          0   _printf_ls.o
         6          0          0          0          0          0   _printf_n.o
         6          0          0          0          0          0   _printf_o.o
       112          8          0          0          0        124   _printf_oct_int_ll.o
         6          0          0          0          0          0   _printf_p.o
        78          0          0          0          0        108   _printf_pad.o
         0          0          0          0          0          0   _printf_percent.o
         4          0          0          0          0          0   _printf_percent_end.o
         6          0          0          0          0          0   _printf_s.o
        82          0          0          0          0         80   _printf_str.o
        36          0          0          0          0         84   _printf_truncate.o
         6          0          0          0          0          0   _printf_u.o
        44          0          0          0          0        108   _printf_wchar.o
       188          6          8          0          0         92   _printf_wctomb.o
         6          0          0          0          0          0   _printf_x.o
        10          0          0          0          0         68   _sputc.o
       158          0          0          0          0         92   _strtoul.o
        64          0          0          0          0         92   _wcrtomb.o
        26          0          0          0          0         80   atoi.o
       220          4        148          0          0         96   bigflt0.o
      1910        128          0          0          0        672   btod.o
        12          0          0          0          0         72   exit.o
         8          0          0          0          0         68   ferror.o
         6          0          0          0          0        152   heapauxi.o
        44         10        272          0          0         76   lc_ctype_c.o
        44         10         28          0          0         76   lc_numeric_c.o
         2          0          0          0          0          0   libinit.o
        30          0          0          0          0          0   libinit2.o
         2          0          0          0          0          0   libshutdown.o
         2          0          0          0          0          0   libshutdown2.o
         8          4          0          0         96         68   libspace.o
       138          0          0          0          0         80   lludiv10.o
       238          0          0          0          0        100   lludivv7m.o
        16          4          0          0          0         76   rt_ctype_table.o
         8          4          0          0          0         68   rt_errno_addr_intlibspace.o
         8          4          0          0          0         68   rt_locale_intlibspace.o
        68          0          0          0          0         68   rt_memclr.o
        78          0          0          0          0         80   rt_memclr_w.o
         2          0          0          0          0          0   rtexit.o
        10          0          0          0          0          0   rtexit2.o
       128          0          0          0          0         68   strcmpv7m.o
        72          0          0          0          0         80   strcpy.o
        62          0          0          0          0         76   strlen.o
        36          0          0          0          0         80   strstr.o
       112          0          0          0          0         88   strtol.o
        74          0          0          0          0         80   sys_stackheap_outer.o
         2          0          0          0          0         68   use_no_semi.o
         2          0          0          0          0         68   use_no_semi_2.o
        12          4          0          0          0         68   vprintf.o
        36          4          0          0          0         76   vsprintf.o
        98          4          0          0          0         92   d2f.o
       804         16          0          0          0        272   daddsub_clz.o
       688        140          0          0          0        208   ddiv.o
        46          0          0          0          0         68   dflt_clz.o
       340         12          0          0          0        104   dmul.o
       156          4          0          0          0         92   dnaninf.o
        12          0          0          0          0         68   dretinf.o
        86          4          0          0          0         84   f2d.o
       430          8          0          0          0        168   faddsub_clz.o
       140          4          0          0          0         84   fnaninf.o
        10          0          0          0          0         68   fretinf.o
         4          0          0          0          0         68   printf1.o
         4          0          0          0          0         68   printf2.o
         0          0          0          0          0          0   usenofp.o
        40          0          0          0          0         68   fpclassify.o

    ----------------------------------------------------------------------
     10590        476        556          0         96       6660   Library Totals
        22          0          5          0          0          0   (incl. Padding)

    ----------------------------------------------------------------------

      Code (inc. data)   RO Data    RW Data    ZI Data      Debug   Library Name

      7710        284        551          0         96       5148   c_w.l
      2818        192          0          0          0       1444   fz_ws.l
        40          0          0          0          0         68   m_ws.l

    ----------------------------------------------------------------------
     10590        476        556          0         96       6660   Library Totals

    ----------------------------------------------------------------------

==============================================================================


      Code (inc. data)   RO Data    RW Data    ZI Data      Debug   

     72918       5350       5142        348    1079428     635600   Grand Totals
     72918       5350       5142         48    1079428     635600   ELF Image Totals (compressed)
     72918       5350       5142         48          0          0   ROM Totals

==============================================================================

    Total RO  Size (Code + RO Data)                78060 (  76.23kB)
    Total RW  Size (RW Data + ZI Data)           1079776 (1054.47kB)
    Total ROM Size (Code + RO Data + RW Data)      78108 (  76.28kB)

==============================================================================

